 S0C    S1C    S0U    S1U      EC       EU        OC         OU       MC     MU    CCSC   CCSU   YGC     YGCT    FGC    FGCT     GCT   
1024.0 1024.0  0.0    0.0    8192.0   2841.5   78260.0    46275.8   20224.0 19519.2 2816.0 2632.4     77    0.277  250    18.486   18.763
1024.0 1024.0  0.0    0.0    8192.0   5177.1   78260.0    46275.8   20224.0 19519.2 2816.0 2632.4     77    0.277  250    18.486   18.763
1024.0 1024.0  0.0    0.0    8192.0   960.8    78260.0    46487.3   20224.0 19519.2 2816.0 2632.4     77    0.277  251    18.599   18.876
1024.0 1024.0  0.0    0.0    8192.0   718.8    78260.0    46341.1   20224.0 19519.2 2816.0 2632.4     77    0.277  252    18.710   18.987
1024.0 1024.0  0.0    0.0    8192.0   2838.9   78260.0    46341.1   20224.0 19519.2 2816.0 2632.4     77    0.277  252    18.710   18.987
1024.0 1024.0  0.0    0.0    8192.0   4517.7   78260.0    46341.1   20224.0 19519.2 2816.0 2632.4     77    0.277  252    18.710   18.987
1024.0 1024.0  0.0    0.0    8192.0   6317.5   78260.0    46341.1   20224.0 19519.2 2816.0 2632.4     77    0.277  252    18.710   18.987
1024.0 1024.0 358.0   0.0    8192.0   270.7    78260.0    46341.1   20224.0 19519.6 2816.0 2632.4     78    0.280  252    18.710   18.990
1024.0 1024.0  0.0    0.0    8192.0   2347.6   78260.0    46700.3   20224.0 19519.6 2816.0 2632.4     78    0.280  253    18.828   19.108
1024.0 1024.0  0.0    0.0    8192.0   4417.6   78260.0    46700.3   20224.0 19519.6 2816.0 2632.4     78    0.280  253    18.828   19.108
1024.0 1024.0  0.0    0.0    8192.0   6448.0   78260.0    46700.3   20224.0 19519.6 2816.0 2632.4     78    0.280  253    18.828   19.108
1024.0 1024.0  0.0    0.0    8192.0   2075.6   78260.0    46891.7   20224.0 19522.7 2816.0 2632.4     78    0.280  254    18.950   19.230
1024.0 1024.0  0.0    0.0    8192.0   5019.0   78260.0    46891.7   20224.0 19522.7 2816.0 2632.4     78    0.280  255    18.950   19.230
1024.0 1024.0  0.0    0.0    8192.0   1832.0   79200.0    47519.5   20224.0 19522.7 2816.0 2632.4     78    0.280  255    19.072   19.352
1024.0 1024.0  0.0    0.0    8192.0   4582.2   79200.0    47519.5   20224.0 19522.7 2816.0 2632.4     78    0.280  255    19.072   19.352
1024.0 1024.0  0.0    0.0    8192.0   6015.4   79200.0    47519.5   20224.0 19522.7 2816.0 2632.4     78    0.280  255    19.072   19.352
1024.0 1024.0  0.0    0.0    8192.0   1799.2   79200.0    47574.7   20224.0 19522.7 2816.0 2632.4     78    0.280  256    19.189   19.469
1024.0 1024.0  0.0    0.0    8192.0   400.9    79608.0    47763.0   20224.0 19522.7 2816.0 2632.4     78    0.280  257    19.308   19.588
1024.0 1024.0  0.0    0.0    8192.0   1599.3   79608.0    47763.0   20224.0 19522.7 2816.0 2632.4     78    0.280  257    19.308   19.588
1024.0 1024.0  0.0    0.0    8192.0   3006.7   79608.0    47763.0   20224.0 19522.7 2816.0 2632.4     78    0.280  257    19.308   19.588
1024.0 1024.0  0.0    0.0    8192.0   5527.0   79608.0    47763.0   20224.0 19522.7 2816.0 2632.4     78    0.280  257    19.308   19.588
1024.0 1024.0  0.0    0.0    8192.0   6560.6   79608.0    47763.0   20224.0 19522.7 2816.0 2632.4     78    0.280  257    19.308   19.588
1024.0 1024.0  0.0    0.0    8192.0   8192.0   79608.0    47763.0   20224.0 19522.7 2816.0 2632.4     79    0.280  257    19.308   19.588
1024.0 1024.0  0.0   301.0   8192.0   1545.1   79608.0    47763.0   20224.0 19523.2 2816.0 2632.4     79    0.286  257    19.308   19.593
1024.0 1024.0  0.0   301.0   8192.0   1737.7   79608.0    47763.0   20224.0 19523.2 2816.0 2632.4     79    0.286  257    19.308   19.593
1024.0 1024.0  0.0    0.0    8192.0   156.4    80216.0    48128.4   20224.0 19523.2 2816.0 2632.4     79    0.286  258    19.423   19.709
1024.0 1024.0  0.0    0.0    8192.0   347.5    82848.0    49707.3   20224.0 19533.3 2816.0 2633.5     80    0.291  259    19.543   19.834
1024.0 1024.0  0.0    0.0    8192.0   692.1    82848.0    46260.9   20224.0 19533.3 2816.0 2633.5     80    0.291  260    19.674   19.965
1024.0 1024.0  0.0    0.0    8192.0   1340.8   82848.0    46298.8   20224.0 19533.3 2816.0 2633.5     80    0.291  261    19.788   20.079
1024.0 1024.0  0.0    0.0    8192.0   2854.2   82848.0    46298.8   20224.0 19533.3 2816.0 2633.5     80    0.291  261    19.788   20.079
1024.0 1024.0  0.0    0.0    8192.0   1018.5   82848.0    46594.4   20224.0 19533.3 2816.0 2633.5     80    0.291  262    19.901   20.192
1024.0 1024.0  0.0    0.0    8192.0   622.3    82848.0    47222.4   20224.0 19533.3 2816.0 2633.5     80    0.291  263    20.009   20.301
1024.0 1024.0  0.0    0.0    8192.0   1793.0   82848.0    47222.4   20224.0 19533.3 2816.0 2633.5     80    0.291  263    20.009   20.301
1024.0 1024.0  0.0    0.0    8192.0   3642.0   82848.0    47222.4   20224.0 19533.3 2816.0 2633.5     80    0.291  263    20.009   20.301
1024.0 1024.0  0.0    0.0    8192.0   4951.1   82848.0    47222.4   20224.0 19533.3 2816.0 2633.5     80    0.291  263    20.009   20.301
1024.0 1024.0  0.0    0.0    8192.0   6235.2   82848.0    47222.4   20224.0 19533.3 2816.0 2633.5     80    0.291  263    20.009   20.301
1024.0 1024.0  0.0    0.0    8192.0   7483.4   82848.0    47222.4   20224.0 19533.3 2816.0 2633.5     80    0.291  263    20.009   20.301
1024.0 1024.0  0.0    0.0    8192.0   1818.4   82848.0    46759.7   20224.0 19533.3 2816.0 2633.5     80    0.291  264    20.139   20.430
1024.0 1024.0  0.0    0.0    8192.0   3569.5   82848.0    46759.7   20224.0 19533.3 2816.0 2633.5     80    0.291  264    20.139   20.430
1024.0 1024.0  0.0    0.0    8192.0   1238.3   82848.0    46818.4   20224.0 19533.3 2816.0 2633.5     80    0.291  265    20.260   20.551
1024.0 1024.0  0.0    0.0    8192.0   753.8    82848.0    47571.8   20224.0 19533.3 2816.0 2633.5     80    0.291  266    20.373   20.664
1024.0 1024.0  0.0    0.0    8192.0   2038.5   82848.0    47571.8   20224.0 19533.3 2816.0 2633.5     80    0.291  266    20.373   20.664
1024.0 1024.0  0.0    0.0    8192.0   3419.4   82848.0    47571.8   20224.0 19533.3 2816.0 2633.5     80    0.291  266    20.373   20.664
1024.0 1024.0  0.0    0.0    8192.0   5199.5   82848.0    47571.8   20224.0 19533.3 2816.0 2633.5     80    0.291  266    20.373   20.664
1024.0 1024.0  0.0    0.0    8192.0   6492.7   82848.0    47571.8   20224.0 19533.3 2816.0 2633.5     80    0.291  266    20.373   20.664
1024.0 1024.0  0.0    0.0    8192.0   7797.3   82848.0    47571.8   20224.0 19533.3 2816.0 2633.5     80    0.291  266    20.373   20.664
1024.0 1024.0  0.0    0.0    8192.0   1959.0   82848.0    47785.5   20224.0 19533.3 2816.0 2633.5     80    0.291  267    20.488   20.779
1024.0 1024.0  0.0    0.0    8192.0   4227.3   82848.0    47785.5   20224.0 19533.3 2816.0 2633.5     80    0.291  267    20.488   20.779
1024.0 1024.0  0.0    0.0    8192.0   5683.2   82848.0    47785.5   20224.0 19533.3 2816.0 2633.5     80    0.291  267    20.488   20.779
1024.0 1024.0  0.0    0.0    8192.0   1710.2   82848.0    47844.9   20224.0 19533.3 2816.0 2633.5     80    0.291  268    20.605   20.896
1024.0 1024.0  0.0    0.0    8192.0   1762.9   82848.0    48463.9   20224.0 19533.3 2816.0 2633.5     80    0.291  269    20.724   21.016
1024.0 1024.0  0.0    0.0    8192.0   3108.7   82848.0    48463.9   20224.0 19533.3 2816.0 2633.5     80    0.291  269    20.724   21.016
1024.0 1024.0  0.0    0.0    8192.0   4316.9   82848.0    48463.9   20224.0 19533.3 2816.0 2633.5     80    0.291  269    20.724   21.016
1024.0 1024.0  0.0    0.0    8192.0   6098.4   82848.0    48463.9   20224.0 19533.3 2816.0 2633.5     80    0.291  269    20.724   21.016
1024.0 1024.0  0.0    0.0    8192.0   7524.5   82848.0    48463.9   20224.0 19533.3 2816.0 2633.5     80    0.291  269    20.724   21.016
1024.0 1024.0  0.0    0.0    8192.0   879.3    82848.0    48816.5   20224.0 19533.3 2816.0 2633.5     81    0.293  270    20.853   21.146
1024.0 1024.0  0.0    0.0    8192.0   3436.5   82848.0    48816.5   20224.0 19533.3 2816.0 2633.5     81    0.293  270    20.853   21.146
1024.0 1024.0  0.0    0.0    8192.0   5240.0   82848.0    48816.5   20224.0 19533.3 2816.0 2633.5     81    0.293  270    20.853   21.146
1024.0 1024.0  0.0    0.0    8192.0   1892.0   82848.0    49012.6   20224.0 19533.3 2816.0 2633.5     81    0.293  271    20.969   21.263
1024.0 1024.0  0.0    0.0    8192.0   1042.2   82848.0    48892.9   20224.0 19533.3 2816.0 2633.5     81    0.293  272    21.088   21.381
1024.0 1024.0  0.0    0.0    8192.0   2854.4   82848.0    48892.9   20224.0 19533.3 2816.0 2633.5     81    0.293  272    21.088   21.381
1024.0 1024.0  0.0    0.0    8192.0   4105.5   82848.0    48892.9   20224.0 19533.3 2816.0 2633.5     81    0.293  272    21.088   21.381
1024.0 1024.0  0.0    0.0    8192.0   5350.7   82848.0    48892.9   20224.0 19533.3 2816.0 2633.5     81    0.293  272    21.088   21.381
1024.0 1024.0  0.0    0.0    8192.0   553.6    82848.0    49232.4   20224.0 19533.3 2816.0 2633.5     81    0.293  273    21.206   21.500
1024.0 1024.0  0.0    0.0    8192.0   2453.0   82848.0    49232.4   20224.0 19533.3 2816.0 2633.5     81    0.293  273    21.206   21.500
1024.0 1024.0  0.0    0.0    8192.0   3399.6   82848.0    49232.4   20224.0 19533.3 2816.0 2633.5     81    0.293  273    21.206   21.500
1024.0 1024.0  0.0    0.0    8192.0   4821.7   82848.0    49232.4   20224.0 19533.3 2816.0 2633.5     81    0.293  273    21.206   21.500
1024.0 1024.0  0.0    0.0    8192.0   2549.5   82848.0    49422.6   20224.0 19533.3 2816.0 2633.5     81    0.293  274    21.326   21.620
1024.0 1024.0  0.0    0.0    8192.0   398.8    83416.0    50047.4   20224.0 19533.3 2816.0 2633.5     81    0.293  275    21.473   21.766
1024.0 1024.0  0.0    0.0    8192.0   1879.8   83416.0    50047.4   20224.0 19533.3 2816.0 2633.5     81    0.293  275    21.473   21.766
1024.0 1024.0  0.0    0.0    8192.0   4097.5   83416.0    50047.4   20224.0 19533.3 2816.0 2633.5     81    0.293  275    21.473   21.766
1024.0 1024.0  0.0    0.0    8192.0   257.9    83416.0    50127.3   20224.0 19533.3 2816.0 2633.5     81    0.293  276    21.597   21.891
1024.0 1024.0 857.9   0.0    8192.0   3694.7   83416.0    50127.3   20224.0 19540.6 2816.0 2633.5     82    0.296  276    21.597   21.894
1024.0 1024.0  0.0    0.0    8192.0   619.9    87596.0    52556.0   20224.0 19540.7 2816.0 2633.5     82    0.296  277    21.702   21.998
1024.0 1024.0  0.0    0.0    8192.0   1777.0   87596.0    52556.0   20224.0 19540.7 2816.0 2633.5     82    0.296  277    21.702   21.998
1024.0 1024.0  0.0    0.0    8192.0   4102.9   87596.0    52556.0   20224.0 19540.7 2816.0 2633.5     82    0.296  277    21.702   21.998
1024.0 1024.0  0.0    0.0    8192.0   7048.7   87596.0    52556.0   20224.0 19540.7 2816.0 2633.5     82    0.296  277    21.702   21.998
1024.0 1024.0  0.0   335.2   8192.0   1227.0   87596.0    52556.0   20224.0 19540.7 2816.0 2633.5     83    0.300  277    21.702   22.002
1024.0 1024.0  0.0   335.2   8192.0   3959.5   87596.0    52556.0   20224.0 19540.7 2816.0 2633.5     83    0.300  277    21.702   22.002
1024.0 1024.0  0.0   335.2   8192.0   5912.5   87596.0    52556.0   20224.0 19540.7 2816.0 2633.5     83    0.300  277    21.702   22.002
1024.0 1024.0  0.0   335.2   8192.0   7185.7   87596.0    52556.0   20224.0 19540.7 2816.0 2633.5     83    0.300  277    21.702   22.002
1024.0 1024.0  0.0    0.0    8192.0   1232.2   88440.0    53062.5   20224.0 19540.7 2816.0 2633.5     83    0.300  278    21.849   22.149
1024.0 1024.0  0.0    0.0    8192.0   1469.5   88440.0    53053.2   20224.0 19540.7 2816.0 2633.5     83    0.300  279    22.020   22.320
1024.0 1024.0  0.0    0.0    8192.0   282.5    88440.0    48801.4   20224.0 19540.7 2816.0 2633.5     83    0.300  281    22.282   22.582
1024.0 1024.0  0.0    0.0    8192.0   2187.3   88440.0    48801.4   20224.0 19540.7 2816.0 2633.5     83    0.300  281    22.282   22.582
1024.0 1024.0  0.0    0.0    8192.0   3720.8   88440.0    48801.4   20224.0 19540.7 2816.0 2633.5     83    0.300  281    22.282   22.582
1024.0 1024.0  0.0    0.0    8192.0   1843.6   88440.0    48856.1   20224.0 19540.7 2816.0 2633.5     83    0.300  282    22.405   22.705
1024.0 1024.0  0.0    0.0    8192.0   1135.6   88440.0    49636.0   20224.0 19540.7 2816.0 2633.5     83    0.300  283    22.520   22.820
1024.0 1024.0  0.0    0.0    8192.0   2603.5   88440.0    49636.0   20224.0 19540.7 2816.0 2633.5     83    0.300  283    22.520   22.820
1024.0 1024.0  0.0    0.0    8192.0   7264.5   88440.0    49636.0   20224.0 19540.7 2816.0 2633.5     83    0.300  283    22.520   22.820
1024.0 1024.0 1019.3  0.0    8192.0   2033.6   88440.0    49636.0   23168.0 22583.1 3200.0 3033.0     84    0.306  283    22.520   22.826
1024.0 1024.0 1019.3  0.0    8192.0   3513.5   88440.0    49636.0   23168.0 22583.1 3200.0 3033.0     84    0.306  283    22.520   22.826
1024.0 1024.0  0.0    0.0    8192.0   801.5    88440.0    50042.9   23424.0 22749.2 3200.0 3050.7     84    0.306  284    22.672   22.978
1024.0 1024.0  0.0    0.0    8192.0   3602.7   88440.0    50042.9   23424.0 22749.2 3200.0 3050.7     84    0.306  284    22.672   22.978
1024.0 1024.0  0.0    0.0    8192.0   5185.3   88440.0    50042.9   23424.0 22749.2 3200.0 3050.7     84    0.306  284    22.672   22.978
1024.0 1024.0  0.0    0.0    8192.0   1974.6   88440.0    50252.6   23424.0 22768.2 3200.0 3051.2     84    0.306  286    22.801   23.107
1024.0 1024.0  0.0    0.0    8192.0   2233.7   88440.0    50855.8   23424.0 22773.0 3200.0 3051.8     84    0.306  286    23.110   23.416
1024.0 1024.0  0.0    0.0    8192.0   3448.5   88440.0    50855.8   23424.0 22773.0 3200.0 3051.8     84    0.306  286    23.110   23.416
1024.0 1024.0  0.0    0.0    8192.0   5090.8   88440.0    50855.8   23424.0 22773.0 3200.0 3051.8     84    0.306  286    23.110   23.416
1024.0 1024.0  0.0    0.0    8192.0   6983.6   88440.0    50855.8   23424.0 22773.0 3200.0 3051.8     84    0.306  286    23.110   23.416
1024.0 1024.0  0.0   432.9   8192.0   428.3    88440.0    50855.8   23424.0 22824.4 3200.0 3052.4     85    0.309  286    23.110   23.420
1024.0 1024.0  0.0    0.0    8192.0   1050.6   88440.0    51284.6   23424.0 22824.4 3200.0 3052.4     85    0.309  287    23.241   23.551
1024.0 1024.0  0.0    0.0    8192.0   3145.0   88440.0    51284.6   23424.0 22824.4 3200.0 3052.4     85    0.309  287    23.241   23.551
1024.0 1024.0  0.0    0.0    8192.0   5585.2   88440.0    51284.6   23424.0 22824.4 3200.0 3052.4     85    0.309  287    23.241   23.551
1024.0 1024.0  0.0    0.0    8192.0   1020.7   88440.0    51310.5   23424.0 22862.2 3200.0 3055.7     85    0.309  288    23.378   23.688
1024.0 1024.0  0.0    0.0    8192.0   747.2    88440.0    51928.7   23424.0 22862.2 3200.0 3055.7     85    0.309  289    23.536   23.846
1024.0 1024.0  0.0    0.0    8192.0   2588.9   88440.0    51928.7   23424.0 22862.2 3200.0 3055.7     85    0.309  289    23.536   23.846
1024.0 1024.0  0.0    0.0    8192.0   4088.4   88440.0    51928.7   23424.0 22862.2 3200.0 3055.7     85    0.309  289    23.536   23.846
1024.0 1024.0  0.0    0.0    8192.0   5473.6   88440.0    51928.7   23424.0 22862.2 3200.0 3055.7     85    0.309  289    23.536   23.846
1024.0 1024.0  0.0    0.0    8192.0   7228.7   88440.0    51928.7   23424.0 22862.2 3200.0 3055.7     85    0.309  289    23.536   23.846
1024.0 1024.0 362.3   0.0    8192.0   332.4    88440.0    51928.7   23424.0 22907.4 3200.0 3057.4     86    0.312  289    23.536   23.848
1024.0 1024.0  0.0    0.0    8192.0   1983.0   88440.0    52281.3   23424.0 22907.4 3200.0 3057.4     86    0.312  290    23.651   23.963
1024.0 1024.0  0.0    0.0    8192.0   4451.5   88440.0    52281.3   23424.0 22907.4 3200.0 3057.4     86    0.312  290    23.651   23.963
1024.0 1024.0  0.0    0.0    8192.0   5479.0   88440.0    52281.3   23424.0 22907.4 3200.0 3057.4     86    0.312  291    23.651   23.963
1024.0 1024.0  0.0    0.0    8192.0   311.8    88440.0    52362.0   23680.0 22926.0 3200.0 3057.4     86    0.312  292    23.925   24.237
1024.0 1024.0  0.0    0.0    8192.0   1516.6   88440.0    52362.0   23680.0 22926.0 3200.0 3057.4     86    0.312  292    23.925   24.237
1024.0 1024.0  0.0    0.0    8192.0   3087.9   88440.0    52362.0   23680.0 22926.0 3200.0 3057.4     86    0.312  292    23.925   24.237
1024.0 1024.0  0.0    0.0    8192.0   4326.2   88440.0    52362.0   23680.0 22926.0 3200.0 3057.4     86    0.312  292    23.925   24.237
1024.0 1024.0  0.0   521.7   8192.0   7183.2   88440.0    52362.0   23680.0 22946.2 3200.0 3057.4     87    0.314  292    23.925   24.239
1024.0 1024.0  0.0    0.0    8192.0   1829.8   91336.0    54800.8   23680.0 22946.2 3200.0 3057.4     87    0.314  293    24.060   24.374
1024.0 1024.0  0.0    0.0    8192.0   3760.1   91336.0    54800.8   23680.0 22946.2 3200.0 3057.4     87    0.314  293    24.060   24.374
1024.0 1024.0  0.0    0.0    8192.0   5185.4   91336.0    54800.8   23680.0 22946.2 3200.0 3057.4     87    0.314  293    24.060   24.374
1024.0 1024.0  0.0    0.0    8192.0   954.4    92060.0    55234.2   23680.0 22966.7 3200.0 3057.4     87    0.314  294    24.236   24.550
1024.0 1024.0  0.0    0.0    8192.0   3923.5   92060.0    55234.2   23680.0 22966.7 3200.0 3057.4     87    0.314  294    24.236   24.550
1024.0 1024.0  0.0    0.0    8192.0   1234.8   93156.0    55891.4   23680.0 22969.0 3200.0 3057.4     87    0.314  295    24.386   24.700
1024.0 1024.0  0.0    0.0    8192.0   3476.5   93156.0    55891.4   23680.0 22969.0 3200.0 3057.4     87    0.314  295    24.386   24.700
1024.0 1024.0  0.0    0.0    8192.0   5705.5   93156.0    55891.4   23680.0 22969.0 3200.0 3057.4     87    0.314  295    24.386   24.700
1024.0 1024.0  0.0    0.0    8192.0   1273.8   93156.0    53403.4   23680.0 22984.1 3200.0 3057.4     87    0.314  296    24.514   24.828
1024.0 1024.0  0.0    0.0    8192.0   3293.2   93156.0    53403.4   23680.0 22984.1 3200.0 3057.4     87    0.314  296    24.514   24.828
1024.0 1024.0  0.0    0.0    8192.0   1843.4   93156.0    53445.8   23680.0 23010.5 3200.0 3057.4     87    0.314  297    24.663   24.977
1024.0 1024.0  0.0    0.0    8192.0   3561.1   93156.0    53445.8   23680.0 23010.5 3200.0 3057.4     87    0.314  297    24.663   24.977
1024.0 1024.0 530.7   0.0    8192.0   1217.9   93156.0    53445.8   24064.0 23221.1 3328.0 3082.7     88    0.320  297    24.663   24.983
1024.0 1024.0 530.7   0.0    8192.0   4115.8   93156.0    53445.8   24064.0 23221.1 3328.0 3082.7     88    0.320  297    24.663   24.983
1024.0 1024.0 530.7   0.0    8192.0   6759.2   93156.0    53445.8   24064.0 23221.1 3328.0 3082.7     88    0.320  297    24.663   24.983
1024.0 1024.0  0.0   307.7   8192.0   1411.7   93156.0    53908.9   24064.0 23341.2 3328.0 3100.4     89    0.323  297    24.663   24.986
1024.0 1024.0  0.0   307.7   8192.0   3810.3   93156.0    53908.9   24064.0 23341.2 3328.0 3100.4     89    0.323  297    24.663   24.986
1024.0 1024.0  0.0   307.7   8192.0   5339.4   93156.0    53908.9   24064.0 23341.2 3328.0 3100.4     89    0.323  297    24.663   24.986
1024.0 1024.0  0.0    0.0    8192.0    0.0     93156.0    54346.4   24064.0 23362.2 3328.0 3103.1     89    0.323  299    24.941   25.264
1024.0 1024.0  0.0    0.0    8192.0   445.3    93156.0    52357.8   24064.0 23362.2 3328.0 3103.1     89    0.323  300    25.093   25.415
1024.0 1024.0  0.0    0.0    8192.0   1109.9   93156.0    52544.7   24064.0 23367.9 3328.0 3104.2     89    0.323  301    25.216   25.539
1024.0 1024.0  0.0    0.0    8192.0   3511.6   93156.0    52544.7   24064.0 23367.9 3328.0 3104.2     89    0.323  301    25.216   25.539
1024.0 1024.0  0.0    0.0    8192.0   5354.4   93156.0    52544.7   24064.0 23367.9 3328.0 3104.2     89    0.323  301    25.216   25.539
1024.0 1024.0  0.0    0.0    8192.0   2811.9   93156.0    52606.2   24064.0 23369.8 3328.0 3104.2     89    0.323  303    25.352   25.675
1024.0 1024.0  0.0    0.0    8192.0   2271.3   93156.0    53384.0   24064.0 23372.0 3328.0 3104.2     89    0.323  303    25.491   25.814
1024.0 1024.0  0.0    0.0    8192.0   4155.5   93156.0    53384.0   24064.0 23372.0 3328.0 3104.2     89    0.323  303    25.491   25.814
1024.0 1024.0  0.0    0.0    8192.0   6593.5   93156.0    53384.0   24064.0 23372.0 3328.0 3104.2     89    0.323  303    25.491   25.814
1024.0 1024.0 216.0   0.0    8192.0   380.1    93156.0    53384.0   24064.0 23372.0 3328.0 3104.2     90    0.326  303    25.491   25.817
1024.0 1024.0  0.0    0.0    8192.0   2007.4   93156.0    52864.9   24064.0 23372.0 3328.0 3104.2     90    0.326  304    25.648   25.974
1024.0 1024.0  0.0    0.0    8192.0   1194.9   93156.0    52899.2   24064.0 23372.5 3328.0 3104.2     90    0.326  305    25.783   26.109
1024.0 1024.0  0.0    0.0    8192.0   1026.4   93156.0    53106.1   24064.0 23373.5 3328.0 3104.2     90    0.326  307    26.081   26.407
1024.0 1024.0  0.0    0.0    8192.0   3256.0   93156.0    53106.1   24064.0 23373.5 3328.0 3104.2     90    0.326  307    26.081   26.407
1024.0 1024.0  0.0    0.0    8192.0   1939.5   93156.0    53099.4   24064.0 23376.1 3328.0 3104.8     90    0.326  308    26.245   26.570
1024.0 1024.0  0.0    0.0    8192.0   1978.6   93156.0    53708.2   24064.0 23376.6 3328.0 3104.8     90    0.326  309    26.375   26.700
1024.0 1024.0  0.0    0.0    8192.0   3560.6   93156.0    53708.2   24064.0 23376.6 3328.0 3104.8     90    0.326  309    26.375   26.700
1024.0 1024.0  0.0    0.0    8192.0   5428.4   93156.0    53708.2   24064.0 23376.6 3328.0 3104.8     90    0.326  309    26.375   26.700
1024.0 1024.0  0.0    0.0    8192.0   7274.1   93156.0    53708.2   24064.0 23376.6 3328.0 3104.8     90    0.326  309    26.375   26.700
1024.0 1024.0  0.0   363.5   8192.0   1173.6   93156.0    53708.2   24064.0 23382.1 3328.0 3105.9     91    0.328  309    26.375   26.703
1024.0 1024.0  0.0    0.0    8192.0   654.8    93156.0    54082.7   24064.0 23371.3 3328.0 3104.2     91    0.328  310    26.503   26.831
1024.0 1024.0  0.0    0.0    8192.0   2784.8   93156.0    54082.7   24064.0 23371.3 3328.0 3104.2     91    0.328  310    26.503   26.831
1024.0 1024.0  0.0    0.0    8192.0   5112.9   93156.0    54082.7   24064.0 23371.3 3328.0 3104.2     91    0.328  310    26.503   26.831
1024.0 1024.0  0.0    0.0    8192.0    0.0     93156.0    54304.4   24064.0 23379.5 3328.0 3105.3     91    0.328  311    26.639   26.967
1024.0 1024.0  0.0    0.0    8192.0   342.8    93156.0    53994.9   24064.0 23379.5 3328.0 3105.3     91    0.328  312    26.777   27.105
1024.0 1024.0  0.0    0.0    8192.0   1979.1   93156.0    53994.9   24064.0 23379.5 3328.0 3105.3     91    0.328  312    26.777   27.105
1024.0 1024.0  0.0    0.0    8192.0   3457.8   93156.0    53994.9   24064.0 23379.5 3328.0 3105.3     91    0.328  312    26.777   27.105
1024.0 1024.0 594.7   0.0    8192.0   6428.8   93156.0    53994.9   24064.0 23386.4 3328.0 3106.5     92    0.330  312    26.777   27.107
1024.0 1024.0 594.7   0.0    8192.0   7945.7   93156.0    53994.9   24064.0 23386.4 3328.0 3106.5     92    0.330  312    26.777   27.107
1024.0 1024.0  0.0   1024.0  8192.0   1107.8   93156.0    55592.4   24064.0 23386.7 3328.0 3106.5     93    0.337  312    26.777   27.114
1024.0 1024.0  0.0    0.0    8192.0   2282.4   94380.0    56627.0   24064.0 23387.8 3328.0 3106.5     93    0.337  313    26.927   27.264
1024.0 1024.0  0.0    0.0    8192.0   4702.7   94380.0    56627.0   24064.0 23387.8 3328.0 3106.5     93    0.337  313    26.927   27.264
1024.0 1024.0  0.0    0.0    8192.0   6668.4   94380.0    56627.0   24064.0 23387.8 3328.0 3106.5     93    0.337  313    26.927   27.264
1024.0 1024.0  0.0    0.0    8192.0   2517.8   94792.0    56873.9   24064.0 23402.3 3328.0 3108.1     93    0.337  315    27.073   27.410
1024.0 1024.0  0.0    0.0    8192.0   1980.0   95824.0    57493.0   24064.0 23402.3 3328.0 3108.1     93    0.337  315    27.212   27.548
1024.0 1024.0  0.0    0.0    8192.0   4009.2   95824.0    57493.0   24064.0 23402.3 3328.0 3108.1     93    0.337  315    27.212   27.548
1024.0 1024.0  0.0    0.0    8192.0   5559.3   95824.0    57493.0   24064.0 23402.3 3328.0 3108.1     93    0.337  315    27.212   27.548
1024.0 1024.0  0.0    0.0    8192.0   7082.0   95824.0    57493.0   24064.0 23402.3 3328.0 3108.1     93    0.337  315    27.212   27.548
1024.0 1024.0  0.0    0.0    8192.0   1939.3   95824.0    55065.4   24064.0 23419.2 3328.0 3109.8     93    0.337  316    27.369   27.705
1024.0 1024.0  0.0    0.0    8192.0   4107.5   95824.0    55065.4   24064.0 23419.2 3328.0 3109.8     93    0.337  316    27.369   27.705
1024.0 1024.0  0.0    0.0    8192.0   5584.2   95824.0    55065.4   24064.0 23419.2 3328.0 3109.8     93    0.337  316    27.369   27.705
1024.0 1024.0  0.0    0.0    8192.0   6923.0   95824.0    55065.4   24064.0 23419.2 3328.0 3109.8     93    0.337  317    27.369   27.705
1024.0 1024.0  0.0    0.0    8192.0   4380.8   95824.0    55294.8   24064.0 23419.6 3328.0 3109.8     93    0.337  317    27.513   27.850
1024.0 1024.0  0.0    0.0    8192.0   1256.6   95824.0    56094.7   24320.0 23433.9 3328.0 3112.0     93    0.337  318    27.657   27.994
1024.0 1024.0  0.0    0.0    8192.0   3353.8   95824.0    56094.7   24320.0 23433.9 3328.0 3112.0     93    0.337  318    27.657   27.994
1024.0 1024.0  0.0    0.0    8192.0   5814.7   95824.0    56094.7   24320.0 23433.9 3328.0 3112.0     93    0.337  318    27.657   27.994
1024.0 1024.0  0.0    0.0    8192.0   885.9    95824.0    56328.1   24320.0 23447.3 3328.0 3114.8     93    0.337  319    27.841   28.178
1024.0 1024.0  0.0    0.0    8192.0   3181.1   95824.0    56328.1   24320.0 23447.3 3328.0 3114.8     93    0.337  319    27.841   28.178
1024.0 1024.0  0.0    0.0    8192.0   1588.9   95824.0    56194.0   24320.0 23447.3 3328.0 3114.8     93    0.337  320    27.988   28.325
1024.0 1024.0  0.0    0.0    8192.0   3149.1   95824.0    56194.0   24320.0 23447.3 3328.0 3114.8     93    0.337  320    27.988   28.325
1024.0 1024.0  0.0    0.0    8192.0   5991.6   95824.0    56194.0   24320.0 23447.3 3328.0 3114.8     93    0.337  320    27.988   28.325
1024.0 1024.0 288.4   0.0    8192.0   553.1    95824.0    56194.0   24320.0 23466.7 3328.0 3117.5     94    0.339  320    27.988   28.327
1024.0 1024.0 288.4   0.0    8192.0   3342.5   95824.0    56194.0   24320.0 23466.7 3328.0 3117.5     94    0.339  320    27.988   28.327
1024.0 1024.0 288.4   0.0    8192.0   6226.5   95824.0    56194.0   24320.0 23466.7 3328.0 3117.5     94    0.339  320    27.988   28.327
1024.0 1024.0  0.0   473.2   8192.0   231.7    95824.0    56194.0   24320.0 23485.4 3328.0 3120.9     95    0.343  320    27.988   28.331
1024.0 1024.0  0.0   473.2   8192.0   2061.2   95824.0    56194.0   24320.0 23485.4 3328.0 3120.9     95    0.343  320    27.988   28.331
1024.0 1024.0  0.0    0.0    8192.0   1393.8   95824.0    56742.6   24320.0 23485.4 3328.0 3120.9     95    0.343  321    28.110   28.453
1024.0 1024.0  0.0    0.0    8192.0   1665.8   95824.0    56764.2   24320.0 23397.5 3328.0 3107.0     95    0.343  322    28.228   28.571
1024.0 1024.0  0.0    0.0    8192.0    0.0     95824.0    54984.0   24320.0 23400.8 3328.0 3107.0     95    0.343  324    28.491   28.834
1024.0 1024.0  0.0    0.0    8192.0   2398.9   95824.0    54984.0   24320.0 23400.8 3328.0 3107.0     95    0.343  324    28.491   28.834
1024.0 1024.0  0.0    0.0    8192.0   4062.6   95824.0    54984.0   24320.0 23400.8 3328.0 3107.0     95    0.343  324    28.491   28.834
1024.0 1024.0  0.0    0.0    8192.0   1817.7   95824.0    55099.0   24320.0 23400.8 3328.0 3107.0     95    0.343  325    28.629   28.972
1024.0 1024.0  0.0    0.0    8192.0   1407.2   95824.0    55878.1   24320.0 23400.8 3328.0 3107.0     95    0.343  326    28.779   29.122
1024.0 1024.0  0.0    0.0    8192.0   3016.2   95824.0    55878.1   24320.0 23400.8 3328.0 3107.0     95    0.343  326    28.779   29.122
1024.0 1024.0  0.0    0.0    8192.0   4724.7   95824.0    55878.1   24320.0 23400.8 3328.0 3107.0     95    0.343  326    28.779   29.122
1024.0 1024.0  0.0    0.0    8192.0   6789.6   95824.0    55878.1   24320.0 23400.8 3328.0 3107.0     95    0.343  326    28.779   29.122
1024.0 1024.0 207.3   0.0    8192.0   379.1    95824.0    55878.1   24320.0 23400.8 3328.0 3107.0     96    0.345  326    28.779   29.124
1024.0 1024.0  0.0    0.0    8192.0   284.0    95824.0    56091.6   24320.0 23406.0 3328.0 3107.5     96    0.345  327    28.926   29.270
1024.0 1024.0  0.0    0.0    8192.0   3105.1   95824.0    56091.6   24320.0 23406.0 3328.0 3107.5     96    0.345  327    28.926   29.270
1024.0 1024.0  0.0    0.0    8192.0   4856.7   95824.0    56091.6   24320.0 23406.0 3328.0 3107.5     96    0.345  327    28.926   29.270
1024.0 1024.0  0.0    0.0    8192.0   1789.4   95824.0    55464.3   24320.0 23406.7 3328.0 3107.5     96    0.345  328    29.069   29.414
1024.0 1024.0  0.0    0.0    8192.0   1228.4   95824.0    56069.0   24320.0 23406.7 3328.0 3107.5     96    0.345  329    29.261   29.605
1024.0 1024.0  0.0    0.0    8192.0   3124.0   95824.0    56069.0   24320.0 23406.7 3328.0 3107.5     96    0.345  329    29.261   29.605
1024.0 1024.0  0.0    0.0    8192.0   4739.2   95824.0    56069.0   24320.0 23406.7 3328.0 3107.5     96    0.345  329    29.261   29.605
1024.0 1024.0  0.0   567.1   8192.0   7248.9   95824.0    56069.0   24320.0 23406.7 3328.0 3107.5     97    0.347  329    29.261   29.608
1024.0 1024.0 1024.0  0.0    8192.0   847.4    95824.0    57655.7   24320.0 23407.9 3328.0 3107.5     98    0.356  329    29.261   29.617
1024.0 1024.0  0.0    0.0    8192.0    0.0     97824.0    58692.3   24320.0 23413.5 3328.0 3107.5     98    0.356  330    29.404   29.761
1024.0 1024.0  0.0    0.0    8192.0   2528.1   97824.0    58692.3   24320.0 23413.5 3328.0 3107.5     98    0.356  330    29.404   29.761
1024.0 1024.0  0.0    0.0    8192.0   5243.7   97824.0    58692.3   24320.0 23413.5 3328.0 3107.5     98    0.356  330    29.404   29.761
1024.0 1024.0  0.0    0.0    8192.0   6890.3   97824.0    58692.3   24320.0 23413.5 3328.0 3107.5     98    0.356  330    29.404   29.761
1024.0 1024.0  0.0    0.0    8192.0   2171.7   98268.0    58958.8   24320.0 23415.4 3328.0 3107.5     98    0.356  332    29.531   29.887
1024.0 1024.0  0.0    0.0    8192.0   2051.1   98268.0    56376.0   24320.0 23415.4 3328.0 3107.5     98    0.356  332    29.668   30.024
1024.0 1024.0  0.0    0.0    8192.0   4117.5   98268.0    56376.0   24320.0 23415.4 3328.0 3107.5     98    0.356  332    29.668   30.024
1024.0 1024.0  0.0    0.0    8192.0   5887.1   98268.0    56376.0   24320.0 23415.4 3328.0 3107.5     98    0.356  332    29.668   30.024
1024.0 1024.0  0.0    0.0    8192.0   7553.0   98268.0    56376.0   24320.0 23415.4 3328.0 3107.5     98    0.356  332    29.668   30.024
1024.0 1024.0  0.0   301.4   8192.0   1460.3   98268.0    56376.0   24320.0 23415.6 3328.0 3107.5     99    0.359  332    29.668   30.026
1024.0 1024.0  0.0    0.0    8192.0   1401.5   98268.0    56782.1   24320.0 23416.2 3328.0 3107.5     99    0.359  333    29.798   30.157
1024.0 1024.0  0.0    0.0    8192.0   3936.1   98268.0    56782.1   24320.0 23416.2 3328.0 3107.5     99    0.359  333    29.798   30.157
1024.0 1024.0  0.0    0.0    8192.0   6139.5   98268.0    56782.1   24320.0 23416.2 3328.0 3107.5     99    0.359  333    29.798   30.157
1024.0 1024.0  0.0    0.0    8192.0   2109.9   98268.0    56985.7   24320.0 23416.2 3328.0 3107.5     99    0.359  334    29.948   30.307
1024.0 1024.0  0.0    0.0    8192.0   1132.6   98268.0    57596.6   24320.0 23416.2 3328.0 3107.5     99    0.359  335    30.089   30.448
1024.0 1024.0  0.0    0.0    8192.0   2436.7   98268.0    57596.6   24320.0 23416.2 3328.0 3107.5     99    0.359  335    30.089   30.448
1024.0 1024.0  0.0    0.0    8192.0   4010.1   98268.0    57596.6   24320.0 23416.2 3328.0 3107.5     99    0.359  335    30.089   30.448
1024.0 1024.0  0.0    0.0    8192.0   5257.1   98268.0    57596.6   24320.0 23416.2 3328.0 3107.5     99    0.359  335    30.089   30.448
1024.0 1024.0  0.0    0.0    8192.0   404.7    98268.0    57618.9   24320.0 23416.2 3328.0 3107.5     99    0.359  336    30.416   30.775
1024.0 1024.0  0.0    0.0    8192.0   3009.9   98268.0    57618.9   24320.0 23416.2 3328.0 3107.5     99    0.359  336    30.416   30.775
1024.0 1024.0  0.0    0.0    8192.0   4456.1   98268.0    57618.9   24320.0 23416.2 3328.0 3107.5     99    0.359  336    30.416   30.775
1024.0 1024.0  0.0    0.0    8192.0   5805.1   98268.0    57618.9   24320.0 23416.2 3328.0 3107.5     99    0.359  336    30.416   30.775
1024.0 1024.0  0.0    0.0    8192.0   2987.3   98268.0    57839.2   24320.0 23416.2 3328.0 3107.5     99    0.359  337    30.552   30.911
1024.0 1024.0  0.0    0.0    8192.0   338.9    98268.0    58637.5   24320.0 23416.2 3328.0 3107.5     99    0.359  338    30.696   31.055
1024.0 1024.0  0.0    0.0    8192.0   2094.1   98268.0    58637.5   24320.0 23416.2 3328.0 3107.5     99    0.359  338    30.696   31.055
1024.0 1024.0  0.0    0.0    8192.0   4296.7   98268.0    58637.5   24320.0 23416.2 3328.0 3107.5     99    0.359  338    30.696   31.055
1024.0 1024.0  0.0    0.0    8192.0   6021.1   98268.0    58637.5   24320.0 23416.2 3328.0 3107.5     99    0.359  339    30.696   31.055
1024.0 1024.0  0.0    0.0    8192.0   2126.5   98268.0    58860.8   24320.0 23416.2 3328.0 3107.5     99    0.359  339    30.840   31.199
1024.0 1024.0  0.0    0.0    8192.0   487.8    98268.0    58734.6   24320.0 23416.2 3328.0 3107.5     99    0.359  340    31.041   31.400
1024.0 1024.0  0.0    0.0    8192.0   2287.7   98268.0    58734.6   24320.0 23416.2 3328.0 3107.5     99    0.359  340    31.041   31.400
1024.0 1024.0  0.0    0.0    8192.0   4165.2   98268.0    58734.6   24320.0 23416.2 3328.0 3107.5     99    0.359  340    31.041   31.400
1024.0 1024.0  0.0    0.0    8192.0   7000.0   98268.0    58734.6   24320.0 23416.2 3328.0 3107.5     99    0.359  340    31.041   31.400
1024.0 1024.0 271.7   0.0    8192.0   1372.0   98268.0    58734.6   24320.0 23416.2 3328.0 3107.5    100    0.361  340    31.041   31.402
1024.0 1024.0 271.7   0.0    8192.0   4015.7   98268.0    58734.6   24320.0 23416.2 3328.0 3107.5    100    0.361  340    31.041   31.402
1024.0 1024.0 271.7   0.0    8192.0   5985.5   98268.0    58734.6   24320.0 23416.2 3328.0 3107.5    100    0.361  340    31.041   31.402
1024.0 1024.0 271.7   0.0    8192.0   7770.0   98268.0    58734.6   24320.0 23416.2 3328.0 3107.5    100    0.361  340    31.041   31.402
1024.0 1024.0  0.0    0.0    8192.0   594.5    98772.0    59261.5   24320.0 23416.2 3328.0 3107.5    101    0.364  341    31.186   31.550
1024.0 1024.0  0.0    0.0    8192.0   786.1    98772.0    59284.0   24320.0 23416.2 3328.0 3107.5    101    0.364  342    31.336   31.700
1024.0 1024.0  0.0    0.0    8192.0   1015.7   98772.0    59310.2   24320.0 23417.0 3328.0 3107.5    101    0.364  343    31.488   31.852
1024.0 1024.0  0.0    0.0    8192.0   1939.0   98772.0    57458.4   24320.0 23417.0 3328.0 3107.5    101    0.364  344    31.640   32.004
1024.0 1024.0  0.0    0.0    8192.0   3480.6   98772.0    57458.4   24320.0 23417.0 3328.0 3107.5    101    0.364  344    31.640   32.004
1024.0 1024.0  0.0    0.0    8192.0   852.2    98772.0    57728.0   24320.0 23417.0 3328.0 3107.5    101    0.364  345    31.798   32.162
1024.0 1024.0  0.0    0.0    8192.0   458.9    98772.0    58349.3   24320.0 23418.5 3328.0 3107.5    101    0.364  346    31.951   32.315
1024.0 1024.0  0.0    0.0    8192.0   1937.8   98772.0    58349.3   24320.0 23418.5 3328.0 3107.5    101    0.364  346    31.951   32.315
1024.0 1024.0 855.7   0.0    8192.0   4522.6   98772.0    58349.3   24320.0 23420.5 3328.0 3107.5    102    0.369  346    31.951   32.320
1024.0 1024.0 855.7   0.0    8192.0   5529.7   98772.0    58349.3   24320.0 23420.5 3328.0 3107.5    102    0.369  346    31.951   32.320
1024.0 1024.0 855.7   0.0    8192.0   7238.4   98772.0    58349.3   24320.0 23420.5 3328.0 3107.5    102    0.369  346    31.951   32.320
1024.0 1024.0  0.0   1024.0  8192.0   364.8    98772.0    59926.4   24320.0 23420.5 3328.0 3107.5    103    0.376  346    31.951   32.327
1024.0 1024.0  0.0    0.0    8192.0   1513.7   101608.0   60963.9   24320.0 23420.5 3328.0 3107.5    103    0.376  347    32.090   32.467
1024.0 1024.0  0.0    0.0    8192.0   3816.8   101608.0   60963.9   24320.0 23420.5 3328.0 3107.5    103    0.376  347    32.090   32.467
1024.0 1024.0  0.0    0.0    8192.0   910.8    101608.0   57977.8   24320.0 23420.5 3328.0 3107.5    103    0.376  348    32.258   32.635
1024.0 1024.0  0.0    0.0    8192.0    0.0     101608.0   58586.6   24320.0 23420.5 3328.0 3107.5    103    0.376  349    32.567   32.943
1024.0 1024.0  0.0    0.0    8192.0   1700.9   101608.0   58586.6   24320.0 23420.5 3328.0 3107.5    103    0.376  349    32.567   32.943
1024.0 1024.0  0.0    0.0    8192.0   3506.4   101608.0   58586.6   24320.0 23420.5 3328.0 3107.5    103    0.376  349    32.567   32.943
1024.0 1024.0  0.0    0.0    8192.0   4925.2   101608.0   58586.6   24320.0 23420.5 3328.0 3107.5    103    0.376  349    32.567   32.943
1024.0 1024.0  0.0    0.0    8192.0   6289.5   101608.0   58586.6   24320.0 23420.5 3328.0 3107.5    103    0.376  349    32.567   32.943
1024.0 1024.0  0.0    0.0    8192.0   7945.2   101608.0   58586.6   24320.0 23420.5 3328.0 3107.5    103    0.376  349    32.567   32.943
1024.0 1024.0  0.0    0.0    8192.0   974.7    101608.0   58983.8   24320.0 23420.5 3328.0 3107.5    104    0.380  350    32.721   33.100
1024.0 1024.0  0.0    0.0    8192.0   3025.9   101608.0   58983.8   24320.0 23420.5 3328.0 3107.5    104    0.380  350    32.721   33.100
1024.0 1024.0  0.0    0.0    8192.0   5207.0   101608.0   58983.8   24320.0 23420.5 3328.0 3107.5    104    0.380  350    32.721   33.100
1024.0 1024.0  0.0    0.0    8192.0   1151.1   101608.0   59203.9   24320.0 23420.5 3328.0 3107.5    104    0.380  351    32.891   33.270
1024.0 1024.0  0.0    0.0    8192.0   751.6    101608.0   59072.7   24320.0 23420.5 3328.0 3107.5    104    0.380  352    33.053   33.433
1024.0 1024.0  0.0    0.0    8192.0   2005.4   101608.0   59072.7   24320.0 23420.5 3328.0 3107.5    104    0.380  352    33.053   33.433
1024.0 1024.0  0.0    0.0    8192.0   3825.7   101608.0   59072.7   24320.0 23420.5 3328.0 3107.5    104    0.380  352    33.053   33.433
1024.0 1024.0  0.0    0.0    8192.0   5125.0   101608.0   59072.7   24320.0 23420.5 3328.0 3107.5    104    0.380  352    33.053   33.433
1024.0 1024.0  0.0    0.0    8192.0   6455.1   101608.0   59072.7   24320.0 23420.5 3328.0 3107.5    104    0.380  352    33.053   33.433
1024.0 1024.0  0.0    0.0    8192.0   8169.3   101608.0   59072.7   24320.0 23420.5 3328.0 3107.5    104    0.380  352    33.053   33.433
1024.0 1024.0  0.0    0.0    8192.0   1837.5   101608.0   59449.3   24320.0 23420.5 3328.0 3107.5    105    0.383  353    33.259   33.642
1024.0 1024.0  0.0    0.0    8192.0   4204.5   101608.0   59449.3   24320.0 23420.5 3328.0 3107.5    105    0.383  353    33.259   33.642
1024.0 1024.0  0.0    0.0    8192.0   5915.0   101608.0   59449.3   24320.0 23420.5 3328.0 3107.5    105    0.383  353    33.259   33.642
1024.0 1024.0  0.0    0.0    8192.0   2297.9   101608.0   59650.7   24320.0 23420.5 3328.0 3107.5    105    0.383  355    33.423   33.805
1024.0 1024.0  0.0    0.0    8192.0   1532.9   101608.0   60258.0   24320.0 23420.5 3328.0 3107.5    105    0.383  355    33.588   33.971
1024.0 1024.0  0.0    0.0    8192.0   2813.5   101608.0   60258.0   24320.0 23420.5 3328.0 3107.5    105    0.383  355    33.588   33.971
1024.0 1024.0  0.0    0.0    8192.0   4614.6   101608.0   60258.0   24320.0 23420.5 3328.0 3107.5    105    0.383  355    33.588   33.971
1024.0 1024.0  0.0    0.0    8192.0   5846.8   101608.0   60258.0   24320.0 23420.5 3328.0 3107.5    105    0.383  355    33.588   33.971
1024.0 1024.0  0.0    0.0    8192.0   952.3    101608.0   60337.0   24320.0 23420.5 3328.0 3107.5    105    0.383  356    33.760   34.143
1024.0 1024.0  0.0    0.0    8192.0   3371.4   101608.0   60337.0   24320.0 23420.5 3328.0 3107.5    105    0.383  356    33.760   34.143
1024.0 1024.0  0.0    0.0    8192.0   4683.4   101608.0   60337.0   24320.0 23420.5 3328.0 3107.5    105    0.383  356    33.760   34.143
1024.0 1024.0  0.0    0.0    8192.0   5995.7   101608.0   60337.0   24320.0 23420.5 3328.0 3107.5    105    0.383  357    33.760   34.143
1024.0 1024.0  0.0    0.0    8192.0   3674.9   101608.0   60548.6   24320.0 23340.9 3328.0 3095.9    105    0.383  357    33.936   34.319
1024.0 1024.0  0.0    0.0    8192.0   780.0    102240.0   61342.7   24320.0 23340.9 3328.0 3095.9    105    0.383  358    34.094   34.477
1024.0 1024.0  0.0    0.0    8192.0   2654.2   102240.0   61342.7   24320.0 23340.9 3328.0 3095.9    105    0.383  358    34.094   34.477
1024.0 1024.0  0.0    0.0    8192.0   4711.2   102240.0   61342.7   24320.0 23340.9 3328.0 3095.9    105    0.383  358    34.094   34.477
1024.0 1024.0  0.0    0.0    8192.0   468.4    102612.0   61564.8   24320.0 23341.3 3328.0 3095.9    105    0.383  359    34.279   34.662
1024.0 1024.0  0.0    0.0    8192.0   2789.6   102612.0   61564.8   24320.0 23341.3 3328.0 3095.9    105    0.383  359    34.279   34.662
1024.0 1024.0  0.0    0.0    8192.0   843.2    102612.0   61415.0   24320.0 23341.3 3328.0 3095.9    105    0.383  360    34.462   34.845
1024.0 1024.0  0.0    0.0    8192.0   2664.7   102612.0   61415.0   24320.0 23341.3 3328.0 3095.9    105    0.383  360    34.462   34.845
1024.0 1024.0  0.0    0.0    8192.0   5034.5   102612.0   61415.0   24320.0 23341.3 3328.0 3095.9    105    0.383  360    34.462   34.845
1024.0 1024.0  0.0    0.0    8192.0   7696.4   102612.0   61415.0   24320.0 23341.3 3328.0 3095.9    105    0.383  360    34.462   34.845
1024.0 1024.0 266.2   0.0    8192.0   2172.5   102612.0   61415.0   24320.0 23341.3 3328.0 3095.9    106    0.386  360    34.462   34.848
1024.0 1024.0  0.0   915.5   8192.0   6342.4   102612.0   61415.0   24320.0 23341.3 3328.0 3095.9    107    0.390  360    34.462   34.851
1024.0 1024.0  0.0   915.5   8192.0   7771.0   102612.0   61415.0   24320.0 23341.3 3328.0 3095.9    107    0.390  360    34.462   34.851
1024.0 1024.0 1024.0  0.0    8192.0   1206.7   102612.0   63052.9   24320.0 23341.3 3328.0 3095.9    108    0.399  360    34.462   34.861
1024.0 1024.0  0.0    0.0    8192.0   1088.7   107016.0   64208.8   24320.0 23341.3 3328.0 3095.9    108    0.399  361    34.633   35.032
1024.0 1024.0  0.0    0.0    8192.0   1187.9   107016.0   64273.5   24320.0 23341.3 3328.0 3095.9    108    0.399  362    34.797   35.196
1024.0 1024.0  0.0    0.0    8192.0   1313.3   107016.0   64313.4   24320.0 23341.7 3328.0 3095.9    108    0.399  363    34.961   35.360
1024.0 1024.0  0.0    0.0    8192.0   2326.8   107016.0   60003.8   24320.0 23338.0 3328.0 3095.3    108    0.399  364    35.157   35.556
1024.0 1024.0  0.0    0.0    8192.0   4101.3   107016.0   60003.8   24320.0 23338.0 3328.0 3095.3    108    0.399  364    35.157   35.556
1024.0 1024.0  0.0    0.0    8192.0   1287.4   107016.0   60227.9   24320.0 23338.0 3328.0 3095.3    108    0.399  365    35.297   35.696
1024.0 1024.0  0.0    0.0    8192.0   807.5    107016.0   60860.1   24320.0 23338.0 3328.0 3095.3    108    0.399  366    35.443   35.842
1024.0 1024.0  0.0    0.0    8192.0   2824.9   107016.0   60860.1   24320.0 23338.0 3328.0 3095.3    108    0.399  366    35.443   35.842
1024.0 1024.0  0.0    0.0    8192.0   4325.8   107016.0   60860.1   24320.0 23338.0 3328.0 3095.3    108    0.399  366    35.443   35.842
1024.0 1024.0  0.0    0.0    8192.0   5782.4   107016.0   60860.1   24320.0 23338.0 3328.0 3095.3    108    0.399  366    35.443   35.842
1024.0 1024.0  0.0    0.0    8192.0   7630.4   107016.0   60860.1   24320.0 23338.0 3328.0 3095.3    108    0.399  366    35.443   35.842
1024.0 1024.0  0.0   385.7   8192.0   798.8    107016.0   60860.1   24320.0 23338.0 3328.0 3095.3    109    0.402  367    35.443   35.845
1024.0 1024.0  0.0    0.0    8192.0   2117.5   107016.0   61259.3   24320.0 23338.0 3328.0 3095.3    109    0.402  367    35.607   36.009
1024.0 1024.0  0.0    0.0    8192.0   4329.9   107016.0   61259.3   24320.0 23338.0 3328.0 3095.3    109    0.402  367    35.607   36.009
1024.0 1024.0  0.0    0.0    8192.0   1183.7   107016.0   60675.1   24320.0 23338.0 3328.0 3095.3    109    0.402  368    35.755   36.157
1024.0 1024.0  0.0    0.0    8192.0   856.5    107016.0   61289.5   24320.0 23338.0 3328.0 3095.3    109    0.402  369    35.927   36.329
1024.0 1024.0  0.0    0.0    8192.0   2685.2   107016.0   61289.5   24320.0 23338.0 3328.0 3095.3    109    0.402  369    35.927   36.329
1024.0 1024.0  0.0    0.0    8192.0   4038.2   107016.0   61289.5   24320.0 23338.0 3328.0 3095.3    109    0.402  369    35.927   36.329
1024.0 1024.0  0.0    0.0    8192.0   5369.6   107016.0   61289.5   24320.0 23338.0 3328.0 3095.3    109    0.402  369    35.927   36.329
1024.0 1024.0  0.0    0.0    8192.0   6693.0   107016.0   61289.5   24320.0 23338.0 3328.0 3095.3    109    0.402  369    35.927   36.329
1024.0 1024.0  0.0    0.0    8192.0   8192.0   107016.0   61289.5   24320.0 23338.0 3328.0 3095.3    109    0.402  370    35.927   36.329
1024.0 1024.0  0.0    0.0    8192.0   2059.1   107016.0   61649.1   24320.0 23338.0 3328.0 3095.3    109    0.402  370    36.104   36.506
1024.0 1024.0  0.0    0.0    8192.0   4075.6   107016.0   61649.1   24320.0 23338.0 3328.0 3095.3    109    0.402  370    36.104   36.506
1024.0 1024.0  0.0    0.0    8192.0   5878.9   107016.0   61649.1   24320.0 23338.0 3328.0 3095.3    109    0.402  370    36.104   36.506
1024.0 1024.0  0.0    0.0    8192.0   1792.0   107016.0   61861.3   24320.0 23338.0 3328.0 3095.3    109    0.402  371    36.277   36.679
1024.0 1024.0  0.0    0.0    8192.0   1425.0   107016.0   61764.0   24320.0 23339.0 3328.0 3095.3    109    0.402  372    36.446   36.848
1024.0 1024.0  0.0    0.0    8192.0   3409.1   107016.0   61764.0   24320.0 23339.0 3328.0 3095.3    109    0.402  372    36.446   36.848
1024.0 1024.0  0.0    0.0    8192.0   4991.8   107016.0   61764.0   24320.0 23339.0 3328.0 3095.3    109    0.402  372    36.446   36.848
1024.0 1024.0  0.0    0.0    8192.0   6630.4   107016.0   61764.0   24320.0 23339.0 3328.0 3095.3    109    0.402  372    36.446   36.848
1024.0 1024.0 220.6   0.0    8192.0   130.6    107016.0   61764.0   24320.0 23339.0 3328.0 3095.3    110    0.405  372    36.446   36.851
1024.0 1024.0  0.0    0.0    8192.0   873.8    107016.0   62138.1   24320.0 23339.0 3328.0 3095.3    110    0.405  373    36.585   36.990
1024.0 1024.0  0.0    0.0    8192.0   3517.8   107016.0   62138.1   24320.0 23339.0 3328.0 3095.3    110    0.405  373    36.585   36.990
1024.0 1024.0  0.0    0.0    8192.0   5674.5   107016.0   62138.1   24320.0 23339.0 3328.0 3095.3    110    0.405  373    36.585   36.990
1024.0 1024.0  0.0    0.0    8192.0   1938.9   107016.0   62347.7   24320.0 23339.0 3328.0 3095.3    110    0.405  374    36.736   37.141
1024.0 1024.0  0.0    0.0    8192.0   1148.6   107016.0   62954.2   24320.0 23339.0 3328.0 3095.3    110    0.405  375    36.907   37.313
1024.0 1024.0  0.0    0.0    8192.0   2847.6   107016.0   62954.2   24320.0 23339.0 3328.0 3095.3    110    0.405  375    36.907   37.313
1024.0 1024.0  0.0    0.0    8192.0   4994.2   107016.0   62954.2   24320.0 23339.0 3328.0 3095.3    110    0.405  375    36.907   37.313
1024.0 1024.0  0.0    0.0    8192.0   6723.8   107016.0   62954.2   24320.0 23339.0 3328.0 3095.3    110    0.405  375    36.907   37.313
1024.0 1024.0  0.0    0.0    8192.0    0.0     107016.0   63025.9   24320.0 23339.0 3328.0 3095.3    110    0.405  376    37.082   37.487
1024.0 1024.0  0.0    0.0    8192.0   2520.8   107016.0   63025.9   24320.0 23339.0 3328.0 3095.3    110    0.405  376    37.082   37.487
1024.0 1024.0  0.0    0.0    8192.0   4481.6   107016.0   63025.9   24320.0 23339.0 3328.0 3095.3    110    0.405  376    37.082   37.487
1024.0 1024.0  0.0    0.0    8192.0   5654.8   107016.0   63025.9   24320.0 23339.0 3328.0 3095.3    110    0.405  376    37.082   37.487
1024.0 1024.0  0.0    0.0    8192.0   2139.9   107016.0   63238.9   24320.0 23339.0 3328.0 3095.3    110    0.405  377    37.252   37.657
1024.0 1024.0  0.0   1024.0  8192.0   6207.8   107016.0   63466.6   24320.0 23339.0 3328.0 3095.3    111    0.408  378    37.252   37.660
1024.0 1024.0  0.0    0.0    8192.0   1152.4   110480.0   66287.9   24320.0 23339.7 3328.0 3095.3    111    0.408  378    37.475   37.884
1024.0 1024.0  0.0    0.0    8192.0   3259.5   110480.0   66287.9   24320.0 23339.7 3328.0 3095.3    111    0.408  378    37.475   37.884
1024.0 1024.0  0.0    0.0    8192.0   5105.9   110480.0   66287.9   24320.0 23339.7 3328.0 3095.3    111    0.408  378    37.475   37.884
1024.0 1024.0  0.0    0.0    8192.0   1662.7   110992.0   66594.5   24320.0 23339.7 3328.0 3095.3    111    0.408  379    37.627   38.035
1024.0 1024.0  0.0    0.0    8192.0   3167.2   110992.0   66594.5   24320.0 23339.7 3328.0 3095.3    111    0.408  380    37.627   38.035
1024.0 1024.0  0.0    0.0    8192.0   1607.9   110992.0   63983.5   24320.0 23339.7 3328.0 3095.3    111    0.408  380    37.816   38.224
1024.0 1024.0  0.0    0.0    8192.0   3731.7   110992.0   63983.5   24320.0 23339.7 3328.0 3095.3    111    0.408  380    37.816   38.224
1024.0 1024.0  0.0    0.0    8192.0   6439.9   110992.0   63983.5   24320.0 23339.7 3328.0 3095.3    111    0.408  380    37.816   38.224
1024.0 1024.0 302.8   0.0    8192.0   543.9    110992.0   63983.5   24320.0 23339.7 3328.0 3095.3    112    0.411  380    37.816   38.226
1024.0 1024.0 302.8   0.0    8192.0   3636.3   110992.0   63983.5   24320.0 23339.7 3328.0 3095.3    112    0.411  380    37.816   38.226
1024.0 1024.0 302.8   0.0    8192.0   5919.8   110992.0   63983.5   24320.0 23339.7 3328.0 3095.3    112    0.411  380    37.816   38.226
1024.0 1024.0 302.8   0.0    8192.0   7342.8   110992.0   63983.5   24320.0 23339.7 3328.0 3095.3    112    0.411  380    37.816   38.226
1024.0 1024.0  0.0   496.4   8192.0   742.0    110992.0   63983.5   24320.0 23339.7 3328.0 3095.3    113    0.414  381    37.816   38.229
1024.0 1024.0  0.0    0.0    8192.0   312.5    110992.0   64580.6   24320.0 23339.7 3328.0 3095.3    113    0.414  382    38.198   38.612
1024.0 1024.0  0.0    0.0    8192.0   589.8    110992.0   64607.7   24320.0 23339.7 3328.0 3095.3    113    0.414  383    38.361   38.774
1024.0 1024.0  0.0    0.0    8192.0   1141.1   110992.0   62729.7   24320.0 23339.7 3328.0 3095.3    113    0.414  384    38.517   38.931
1024.0 1024.0  0.0    0.0    8192.0   3406.6   110992.0   62729.7   24320.0 23339.7 3328.0 3095.3    113    0.414  384    38.517   38.931
1024.0 1024.0  0.0    0.0    8192.0   4663.1   110992.0   62729.7   24320.0 23339.7 3328.0 3095.3    113    0.414  384    38.517   38.931
1024.0 1024.0  0.0    0.0    8192.0   1838.3   110992.0   63007.0   24320.0 23339.7 3328.0 3095.3    113    0.414  386    38.674   39.088
1024.0 1024.0  0.0    0.0    8192.0   1968.7   110992.0   63631.2   24320.0 23339.7 3328.0 3095.3    113    0.414  386    38.822   39.236
1024.0 1024.0  0.0    0.0    8192.0   3222.4   110992.0   63631.2   24320.0 23339.7 3328.0 3095.3    113    0.414  386    38.822   39.236
1024.0 1024.0  0.0    0.0    8192.0   4655.0   110992.0   63631.2   24320.0 23339.7 3328.0 3095.3    113    0.414  386    38.822   39.236
1024.0 1024.0  0.0    0.0    8192.0   5965.8   110992.0   63631.2   24320.0 23339.7 3328.0 3095.3    113    0.414  386    38.822   39.236
1024.0 1024.0  0.0    0.0    8192.0   7686.0   110992.0   63631.2   24320.0 23339.7 3328.0 3095.3    113    0.414  386    38.822   39.236
1024.0 1024.0  0.0    0.0    8192.0   1351.1   110992.0   63999.1   24320.0 23339.7 3328.0 3095.3    114    0.417  387    38.979   39.396
1024.0 1024.0  0.0    0.0    8192.0   3285.1   110992.0   63999.1   24320.0 23339.7 3328.0 3095.3    114    0.417  387    38.979   39.396
1024.0 1024.0  0.0    0.0    8192.0   4892.6   110992.0   63999.1   24320.0 23339.7 3328.0 3095.3    114    0.417  388    38.979   39.396
1024.0 1024.0  0.0    0.0    8192.0   400.5    110992.0   64041.4   24320.0 23339.7 3328.0 3095.3    114    0.417  389    39.290   39.707
1024.0 1024.0  0.0    0.0    8192.0   1714.6   110992.0   64041.4   24320.0 23339.7 3328.0 3095.3    114    0.417  389    39.290   39.707
1024.0 1024.0  0.0    0.0    8192.0   3406.4   110992.0   64041.4   24320.0 23339.7 3328.0 3095.3    114    0.417  389    39.290   39.707
1024.0 1024.0  0.0    0.0    8192.0   4734.8   110992.0   64041.4   24320.0 23339.7 3328.0 3095.3    114    0.417  389    39.290   39.707
1024.0 1024.0  0.0    0.0    8192.0   6210.0   110992.0   64041.4   24320.0 23339.7 3328.0 3095.3    114    0.417  389    39.290   39.707
1024.0 1024.0  0.0    0.0    8192.0   7831.6   110992.0   64041.4   24320.0 23339.7 3328.0 3095.3    114    0.417  389    39.290   39.707
1024.0 1024.0  0.0    0.0    8192.0   1289.7   110992.0   64397.2   24320.0 23339.7 3328.0 3095.3    114    0.417  390    39.453   39.869
1024.0 1024.0  0.0    0.0    8192.0   3297.3   110992.0   64397.2   24320.0 23339.7 3328.0 3095.3    114    0.417  390    39.453   39.869
1024.0 1024.0  0.0    0.0    8192.0   4829.2   110992.0   64397.2   24320.0 23339.7 3328.0 3095.3    114    0.417  390    39.453   39.869
1024.0 1024.0  0.0    0.0    8192.0   1221.2   110992.0   64611.7   24320.0 23339.7 3328.0 3095.3    114    0.417  391    39.612   40.029
1024.0 1024.0  0.0    0.0    8192.0   766.2    110992.0   64522.5   24320.0 23339.7 3328.0 3095.3    114    0.417  392    39.772   40.189
1024.0 1024.0  0.0    0.0    8192.0   1864.4   110992.0   64522.5   24320.0 23339.7 3328.0 3095.3    114    0.417  392    39.772   40.189
1024.0 1024.0  0.0    0.0    8192.0   3375.6   110992.0   64522.5   24320.0 23339.7 3328.0 3095.3    114    0.417  392    39.772   40.189
1024.0 1024.0  0.0    0.0    8192.0   4493.9   110992.0   64522.5   24320.0 23339.7 3328.0 3095.3    114    0.417  392    39.772   40.189
1024.0 1024.0  0.0    0.0    8192.0   5575.8   110992.0   64522.5   24320.0 23339.7 3328.0 3095.3    114    0.417  392    39.772   40.189
1024.0 1024.0  0.0    0.0    8192.0   6906.4   110992.0   64522.5   24320.0 23339.7 3328.0 3095.3    114    0.417  393    39.772   40.189
1024.0 1024.0  0.0    0.0    8192.0   2078.0   110992.0   64870.4   24320.0 23340.3 3328.0 3095.3    114    0.417  393    39.941   40.358
1024.0 1024.0  0.0    0.0    8192.0   3796.3   110992.0   64870.4   24320.0 23340.3 3328.0 3095.3    114    0.417  393    39.941   40.358
1024.0 1024.0  0.0   1024.0  8192.0   2401.3   110992.0   65376.9   24320.0 23350.2 3328.0 3095.3    115    0.420  394    40.098   40.518
1024.0 1024.0  0.0    0.0    8192.0   411.6    112640.0   67942.3   24320.0 23351.5 3328.0 3095.3    115    0.420  395    40.272   40.692
1024.0 1024.0  0.0    0.0    8192.0   1573.8   112640.0   67942.3   24320.0 23351.5 3328.0 3095.3    115    0.420  395    40.272   40.692
1024.0 1024.0  0.0    0.0    8192.0   2995.2   112640.0   67942.3   24320.0 23351.5 3328.0 3095.3    115    0.420  395    40.272   40.692
1024.0 1024.0  0.0    0.0    8192.0   4802.2   112640.0   67942.3   24320.0 23351.5 3328.0 3095.3    115    0.420  395    40.272   40.692
1024.0 1024.0  0.0    0.0    8192.0   6043.0   112640.0   67942.3   24320.0 23351.5 3328.0 3095.3    115    0.420  395    40.272   40.692
1024.0 1024.0  0.0    0.0    8192.0   1728.1   112640.0   65593.5   24320.0 23351.5 3328.0 3095.3    115    0.420  396    40.451   40.871
1024.0 1024.0  0.0    0.0    8192.0   4003.3   112640.0   65593.5   24320.0 23351.5 3328.0 3095.3    115    0.420  396    40.451   40.871
1024.0 1024.0  0.0    0.0    8192.0   5199.5   112640.0   65593.5   24320.0 23351.5 3328.0 3095.3    115    0.420  396    40.451   40.871
1024.0 1024.0  0.0    0.0    8192.0   1292.1   112640.0   65831.6   24320.0 23351.9 3328.0 3095.3    115    0.420  397    40.635   41.055
1024.0 1024.0  0.0    0.0    8192.0   4090.3   112640.0   65831.6   24320.0 23351.9 3328.0 3095.3    115    0.420  397    40.635   41.055
1024.0 1024.0  0.0    0.0    8192.0   1195.7   112640.0   66623.6   24320.0 23352.2 3328.0 3095.3    115    0.420  398    40.802   41.221
1024.0 1024.0  0.0    0.0    8192.0   3478.4   112640.0   66623.6   24320.0 23352.2 3328.0 3095.3    115    0.420  398    40.802   41.221
1024.0 1024.0  0.0    0.0    8192.0   5027.0   112640.0   66623.6   24320.0 23352.2 3328.0 3095.3    115    0.420  398    40.802   41.221
1024.0 1024.0  0.0    0.0    8192.0   1841.7   112640.0   66708.6   24320.0 23352.2 3328.0 3095.3    115    0.420  399    40.943   41.363
1024.0 1024.0  0.0    0.0    8192.0   3636.9   112640.0   66708.6   24320.0 23352.2 3328.0 3095.3    115    0.420  399    40.943   41.363
1024.0 1024.0  0.0   372.6   8192.0   219.4    112640.0   79320.2   24320.0 23356.4 3328.0 3095.3    117    0.434  400    41.105   41.538
1024.0 1024.0  0.0   372.6   8192.0   2214.1   112640.0   79320.2   24320.0 23356.4 3328.0 3095.3    117    0.434  400    41.105   41.538
1024.0 1024.0  0.0   372.6   8192.0   4954.7   112640.0   79320.2   24320.0 23356.4 3328.0 3095.3    117    0.434  400    41.105   41.538
1024.0 1024.0 622.7   0.0    8192.0   7609.5   112640.0   80721.4   24320.0 23360.4 3328.0 3095.3    118    0.440  400    41.105   41.544
1024.0 1024.0  0.0   587.4   8192.0   1943.7   112640.0   86362.2   24320.0 23363.6 3328.0 3095.3    119    0.450  400    41.105   41.555
1024.0 1024.0  0.0   587.4   8192.0   4861.7   112640.0   86362.2   24320.0 23363.6 3328.0 3095.3    119    0.450  400    41.105   41.555
1024.0 1024.0  0.0   587.4   8192.0   6241.9   112640.0   86362.2   24320.0 23363.6 3328.0 3095.3    119    0.450  400    41.105   41.555
1024.0 1024.0  0.0   587.4   8192.0   7511.8   112640.0   86362.2   24320.0 23363.6 3328.0 3095.3    119    0.450  401    41.105   41.555
1024.0 1024.0  0.0    0.0    8192.0   2007.4   112640.0   74556.9   24320.0 23363.6 3328.0 3095.3    119    0.450  402    41.272   41.722
1024.0 1024.0  0.0    0.0    8192.0    0.0     112640.0   74775.2   24320.0 23364.9 3328.0 3095.3    119    0.450  403    41.703   42.153
1024.0 1024.0  0.0    0.0    8192.0   473.8    112640.0   72837.3   24320.0 23364.9 3328.0 3095.3    119    0.450  404    41.883   42.333
1024.0 1024.0  0.0    0.0    8192.0   2806.8   112640.0   72837.3   24320.0 23364.9 3328.0 3095.3    119    0.450  404    41.883   42.333
1024.0 1024.0  0.0    0.0    8192.0   4881.2   112640.0   72837.3   24320.0 23364.9 3328.0 3095.3    119    0.450  404    41.883   42.333
1024.0 1024.0  0.0    0.0    8192.0   1899.4   112640.0   73049.6   24320.0 23364.9 3328.0 3095.3    119    0.450  405    42.040   42.491
1024.0 1024.0  0.0    0.0    8192.0   1413.0   112640.0   73681.2   24320.0 23364.9 3328.0 3095.3    119    0.450  406    42.197   42.647
1024.0 1024.0  0.0    0.0    8192.0   3700.0   112640.0   73681.2   24320.0 23364.9 3328.0 3095.3    119    0.450  406    42.197   42.647
1024.0 1024.0  0.0    0.0    8192.0   5460.4   112640.0   73681.2   24320.0 23364.9 3328.0 3095.3    119    0.450  406    42.197   42.647
1024.0 1024.0  0.0    0.0    8192.0   7118.0   112640.0   73681.2   24320.0 23364.9 3328.0 3095.3    119    0.450  406    42.197   42.647
1024.0 1024.0 222.6   0.0    8192.0   1251.4   112640.0   73681.2   24320.0 23364.9 3328.0 3095.3    120    0.453  406    42.197   42.650
1024.0 1024.0  0.0    0.0    8192.0   578.8    112640.0   74061.2   24320.0 23364.9 3328.0 3095.3    120    0.453  407    42.363   42.816
1024.0 1024.0  0.0    0.0    8192.0   3009.2   112640.0   74061.2   24320.0 23364.9 3328.0 3095.3    120    0.453  407    42.363   42.816
1024.0 1024.0  0.0    0.0    8192.0   4870.4   112640.0   74061.2   24320.0 23364.9 3328.0 3095.3    120    0.453  407    42.363   42.816
1024.0 1024.0  0.0    0.0    8192.0   2080.6   112640.0   73510.3   24320.0 23364.9 3328.0 3095.3    120    0.453  408    42.550   43.003
1024.0 1024.0  0.0    0.0    8192.0   1506.7   112640.0   74117.8   24320.0 23364.9 3328.0 3095.3    120    0.453  409    42.723   43.177
1024.0 1024.0  0.0    0.0    8192.0   2731.9   112640.0   74117.8   24320.0 23364.9 3328.0 3095.3    120    0.453  409    42.723   43.177
1024.0 1024.0  0.0    0.0    8192.0   4510.3   112640.0   74117.8   24320.0 23364.9 3328.0 3095.3    120    0.453  409    42.723   43.177
1024.0 1024.0  0.0    0.0    8192.0   5680.5   112640.0   74117.8   24320.0 23364.9 3328.0 3095.3    120    0.453  409    42.723   43.177
1024.0 1024.0  0.0   508.0   8192.0   383.8    112640.0   74117.8   24320.0 23467.5 3328.0 3109.8    121    0.456  409    42.723   43.179
1024.0 1024.0  0.0    0.0    8192.0   899.4    112640.0   74687.6   24320.0 23489.9 3328.0 3113.1    121    0.456  410    42.865   43.321
1024.0 1024.0  0.0    0.0    8192.0   2719.4   112640.0   74687.6   24320.0 23489.9 3328.0 3113.1    121    0.456  410    42.865   43.321
1024.0 1024.0  0.0    0.0    8192.0   4631.0   112640.0   74687.6   24320.0 23489.9 3328.0 3113.1    121    0.456  410    42.865   43.321
1024.0 1024.0 585.8   0.0    8192.0   7109.2   112640.0   74687.6   24320.0 23491.0 3328.0 3113.1    122    0.459  411    42.865   43.323
1024.0 1024.0  0.0    0.0    8192.0    0.0     112640.0   74738.4   24320.0 23495.3 3328.0 3113.6    122    0.459  412    43.226   43.685
1024.0 1024.0  0.0    0.0    8192.0   1629.9   112640.0   74738.4   24320.0 23495.3 3328.0 3113.6    122    0.459  412    43.226   43.685
1024.0 1024.0  0.0    0.0    8192.0   3109.1   112640.0   74738.4   24320.0 23495.3 3328.0 3113.6    122    0.459  412    43.226   43.685
1024.0 1024.0  0.0    0.0    8192.0   5085.6   112640.0   74738.4   24320.0 23495.3 3328.0 3113.6    122    0.459  412    43.226   43.685
1024.0 1024.0  0.0    0.0    8192.0   6564.8   112640.0   74738.4   24320.0 23495.3 3328.0 3113.6    122    0.459  412    43.226   43.685
1024.0 1024.0  0.0    0.0    8192.0   7972.8   112640.0   74738.4   24320.0 23495.3 3328.0 3113.6    122    0.459  412    43.226   43.685
1024.0 1024.0  0.0    0.0    8192.0   1952.4   112640.0   75015.6   24320.0 23497.2 3328.0 3114.2    123    0.461  413    43.391   43.852
1024.0 1024.0  0.0    0.0    8192.0   4246.5   112640.0   75015.6   24320.0 23497.2 3328.0 3114.2    123    0.461  413    43.391   43.852
1024.0 1024.0  0.0    0.0    8192.0   5952.5   112640.0   75015.6   24320.0 23497.2 3328.0 3114.2    123    0.461  413    43.391   43.852
1024.0 1024.0  0.0    0.0    8192.0   2255.6   112640.0   75272.5   24320.0 23506.5 3328.0 3116.4    123    0.461  414    43.555   44.016
1024.0 1024.0  0.0    0.0    8192.0   1791.0   112640.0   75885.1   24320.0 23506.6 3328.0 3116.4    123    0.461  415    43.702   44.163
1024.0 1024.0  0.0    0.0    8192.0   3885.9   112640.0   75885.1   24320.0 23506.6 3328.0 3116.4    123    0.461  415    43.702   44.163
1024.0 1024.0  0.0    0.0    8192.0   5405.8   112640.0   75885.1   24320.0 23506.6 3328.0 3116.4    123    0.461  415    43.702   44.163
1024.0 1024.0  0.0    0.0    8192.0   7310.6   112640.0   75885.1   24320.0 23506.6 3328.0 3116.4    123    0.461  415    43.702   44.163
1024.0 1024.0  0.0    0.0    8192.0   407.6    112640.0   74632.6   24320.0 23512.3 3328.0 3117.5    124    0.465  416    43.883   44.347
1024.0 1024.0  0.0    0.0    8192.0   2608.7   112640.0   74632.6   24320.0 23512.3 3328.0 3117.5    124    0.465  416    43.883   44.347
1024.0 1024.0  0.0    0.0    8192.0   4629.1   112640.0   74632.6   24320.0 23512.3 3328.0 3117.5    124    0.465  416    43.883   44.347
1024.0 1024.0  0.0    0.0    8192.0   6015.4   112640.0   74632.6   24320.0 23512.3 3328.0 3117.5    124    0.465  416    43.883   44.347
1024.0 1024.0  0.0    0.0    8192.0   2491.7   112640.0   74838.8   24320.0 23512.7 3328.0 3117.5    124    0.465  417    44.050   44.515
1024.0 1024.0  0.0    0.0    8192.0   5008.7   112640.0   74838.8   24320.0 23512.7 3328.0 3117.5    124    0.465  418    44.050   44.515
1024.0 1024.0  0.0    0.0    8192.0   2609.1   112640.0   75087.5   24320.0 23512.7 3328.0 3117.5    124    0.465  418    44.216   44.681
1024.0 1024.0  0.0    0.0    8192.0   4973.2   112640.0   75087.5   24320.0 23512.7 3328.0 3117.5    124    0.465  418    44.216   44.681
1024.0 1024.0  0.0    0.0    8192.0   6746.5   112640.0   75087.5   24320.0 23512.7 3328.0 3117.5    124    0.465  418    44.216   44.681
1024.0 1024.0  0.0    0.0    8192.0   2798.2   112640.0   69674.3   24320.0 23512.7 3328.0 3117.5    124    0.465  419    44.390   44.855
1024.0 1024.0  0.0    0.0    8192.0   4540.8   112640.0   69674.3   24320.0 23512.7 3328.0 3117.5    124    0.465  420    44.390   44.855
1024.0 1024.0  0.0    0.0    8192.0   2176.5   112640.0   69794.2   24320.0 23512.7 3328.0 3117.5    124    0.465  420    44.640   45.105
1024.0 1024.0  0.0    0.0    8192.0   4926.0   112640.0   69794.2   24320.0 23512.7 3328.0 3117.5    124    0.465  420    44.640   45.105
1024.0 1024.0  0.0   277.6   8192.0   145.3    112640.0   69794.2   24320.0 23512.7 3328.0 3117.5    125    0.468  420    44.640   45.109
1024.0 1024.0  0.0   277.6   8192.0   2792.5   112640.0   69794.2   24320.0 23512.7 3328.0 3117.5    125    0.468  420    44.640   45.109
1024.0 1024.0  0.0   277.6   8192.0   6085.6   112640.0   69794.2   24320.0 23512.7 3328.0 3117.5    125    0.468  420    44.640   45.109
1024.0 1024.0 465.7   0.0    8192.0   946.4    112640.0   69794.2   24320.0 23512.7 3328.0 3117.5    126    0.472  420    44.640   45.113
1024.0 1024.0 465.7   0.0    8192.0   2836.0   112640.0   69794.2   24320.0 23512.7 3328.0 3117.5    126    0.472  420    44.640   45.113
1024.0 1024.0  0.0    0.0    8192.0   429.5    112640.0   70205.3   24320.0 23516.0 3328.0 3117.5    126    0.472  421    44.798   45.270
1024.0 1024.0  0.0    0.0    8192.0   677.7    112640.0   70381.9   24320.0 23517.0 3328.0 3117.5    126    0.472  422    44.946   45.418
1024.0 1024.0  0.0    0.0    8192.0   918.5    112640.0   70413.8   24320.0 23517.0 3328.0 3117.5    126    0.472  423    45.104   45.576
1024.0 1024.0  0.0    0.0    8192.0   1543.7   112640.0   68540.7   24320.0 23517.0 3328.0 3117.5    126    0.472  424    45.283   45.755
1024.0 1024.0  0.0    0.0    8192.0   3524.8   112640.0   68540.7   24320.0 23517.0 3328.0 3117.5    126    0.472  424    45.283   45.755
1024.0 1024.0  0.0    0.0    8192.0   5414.9   112640.0   68540.7   24320.0 23517.0 3328.0 3117.5    126    0.472  425    45.283   45.755
1024.0 1024.0  0.0    0.0    8192.0   300.7    112640.0   69362.9   24320.0 23522.7 3328.0 3117.5    126    0.472  426    45.625   46.098
1024.0 1024.0  0.0    0.0    8192.0   1873.8   112640.0   69362.9   24320.0 23522.7 3328.0 3117.5    126    0.472  426    45.625   46.098
1024.0 1024.0  0.0    0.0    8192.0   3645.8   112640.0   69362.9   24320.0 23522.7 3328.0 3117.5    126    0.472  426    45.625   46.098
1024.0 1024.0  0.0    0.0    8192.0   5059.0   112640.0   69362.9   24320.0 23522.7 3328.0 3117.5    126    0.472  426    45.625   46.098
1024.0 1024.0  0.0    0.0    8192.0   6503.3   112640.0   69362.9   24320.0 23522.7 3328.0 3117.5    126    0.472  426    45.625   46.098
1024.0 1024.0  0.0    0.0    8192.0   8102.5   112640.0   69362.9   24320.0 23522.7 3328.0 3117.5    126    0.472  426    45.625   46.098
1024.0 1024.0  0.0    0.0    8192.0   1311.6   112640.0   69727.4   24320.0 23490.2 3328.0 3112.0    127    0.476  427    45.771   46.247
1024.0 1024.0 757.4   0.0    8192.0   4691.7   112640.0   69727.4   24320.0 23490.2 3328.0 3112.0    128    0.480  427    45.771   46.251
1024.0 1024.0 757.4   0.0    8192.0   6332.7   112640.0   69727.4   24320.0 23490.2 3328.0 3112.0    128    0.480  428    45.771   46.251
1024.0 1024.0  0.0    0.0    8192.0    0.0     112640.0   69528.3   24320.0 23495.4 3328.0 3112.0    128    0.480  429    46.151   46.631
1024.0 1024.0  0.0    0.0    8192.0   1725.0   112640.0   69528.3   24320.0 23495.4 3328.0 3112.0    128    0.480  429    46.151   46.631
1024.0 1024.0  0.0    0.0    8192.0   3256.2   112640.0   69528.3   24320.0 23495.4 3328.0 3112.0    128    0.480  429    46.151   46.631
1024.0 1024.0  0.0    0.0    8192.0   5259.8   112640.0   69528.3   24320.0 23495.4 3328.0 3112.0    128    0.480  429    46.151   46.631
1024.0 1024.0  0.0    0.0    8192.0   6751.6   112640.0   69528.3   24320.0 23495.4 3328.0 3112.0    128    0.480  429    46.151   46.631
1024.0 1024.0  0.0   275.7   8192.0    94.9    112640.0   69528.3   24320.0 23495.4 3328.0 3112.0    129    0.481  429    46.151   46.632
1024.0 1024.0  0.0    0.0    8192.0   1653.2   112640.0   69806.6   24320.0 23480.4 3328.0 3109.8    129    0.481  430    46.344   46.825
1024.0 1024.0  0.0    0.0    8192.0   3710.0   112640.0   69806.6   24320.0 23480.4 3328.0 3109.8    129    0.481  430    46.344   46.825
1024.0 1024.0  0.0    0.0    8192.0   5691.8   112640.0   69806.6   24320.0 23480.4 3328.0 3109.8    129    0.481  430    46.344   46.825
1024.0 1024.0  0.0    0.0    8192.0   975.6    112640.0   70048.0   24320.0 23480.4 3328.0 3109.8    129    0.481  431    46.553   47.034
1024.0 1024.0  0.0    0.0    8192.0   418.4    112640.0   69947.1   24320.0 23480.4 3328.0 3109.8    129    0.481  432    46.759   47.240
1024.0 1024.0  0.0    0.0    8192.0   2006.5   112640.0   69947.1   24320.0 23480.4 3328.0 3109.8    129    0.481  432    46.759   47.240
1024.0 1024.0  0.0    0.0    8192.0   3595.1   112640.0   69947.1   24320.0 23480.4 3328.0 3109.8    129    0.481  432    46.759   47.240
1024.0 1024.0  0.0    0.0    8192.0   5550.7   112640.0   69947.1   24320.0 23480.4 3328.0 3109.8    129    0.481  432    46.759   47.240
1024.0 1024.0  0.0    0.0    8192.0   7045.0   112640.0   69947.1   24320.0 23480.4 3328.0 3109.8    129    0.481  432    46.759   47.240
1024.0 1024.0 232.9   0.0    8192.0   430.7    112640.0   69947.1   24320.0 23480.4 3328.0 3109.8    130    0.483  432    46.759   47.242
1024.0 1024.0  0.0    0.0    8192.0   1970.9   112640.0   70183.1   24320.0 23480.4 3328.0 3109.8    130    0.483  433    46.995   47.478
1024.0 1024.0  0.0    0.0    8192.0   4362.1   112640.0   70183.1   24320.0 23480.4 3328.0 3109.8    130    0.483  433    46.995   47.478
1024.0 1024.0  0.0    0.0    8192.0   6034.4   112640.0   70183.1   24320.0 23480.4 3328.0 3109.8    130    0.483  433    46.995   47.478
1024.0 1024.0  0.0    0.0    8192.0   2195.3   112640.0   70396.3   24320.0 23480.7 3328.0 3109.8    130    0.483  434    47.231   47.714
1024.0 1024.0  0.0   612.5   8192.0   1728.1   112640.0   70396.3   24320.0 23481.5 3328.0 3109.8    131    0.485  434    47.231   47.716
1024.0 1024.0  0.0   612.5   8192.0   3220.8   112640.0   70396.3   24320.0 23481.5 3328.0 3109.8    131    0.485  434    47.231   47.716
1024.0 1024.0  0.0   612.5   8192.0   4846.4   112640.0   70396.3   24320.0 23481.5 3328.0 3109.8    131    0.485  434    47.231   47.716
1024.0 1024.0  0.0   612.5   8192.0   6749.3   112640.0   70396.3   24320.0 23481.5 3328.0 3109.8    131    0.485  434    47.231   47.716
1024.0 1024.0  0.0    0.0    8192.0   608.0    112640.0   71351.7   24320.0 23481.5 3328.0 3109.8    131    0.485  435    47.424   47.909
1024.0 1024.0  0.0    0.0    8192.0   2846.3   112640.0   71351.7   24320.0 23481.5 3328.0 3109.8    131    0.485  435    47.424   47.909
1024.0 1024.0  0.0    0.0    8192.0   4810.4   112640.0   71351.7   24320.0 23481.5 3328.0 3109.8    131    0.485  435    47.424   47.909
1024.0 1024.0  0.0    0.0    8192.0   6287.9   112640.0   71351.7   24320.0 23481.5 3328.0 3109.8    131    0.485  435    47.424   47.909
1024.0 1024.0  0.0    0.0    8192.0   2752.6   112640.0   71380.3   24320.0 23482.2 3328.0 3109.8    131    0.485  436    47.611   48.097
1024.0 1024.0  0.0    0.0    8192.0   4944.1   112640.0   71380.3   24320.0 23482.2 3328.0 3109.8    131    0.485  437    47.611   48.097
1024.0 1024.0  0.0    0.0    8192.0   2606.3   112640.0   72021.9   24320.0 23482.2 3328.0 3109.8    131    0.485  437    47.822   48.308
1024.0 1024.0  0.0    0.0    8192.0   4922.6   112640.0   72021.9   24320.0 23482.2 3328.0 3109.8    131    0.485  437    47.822   48.308
1024.0 1024.0  0.0    0.0    8192.0   6468.2   112640.0   72021.9   24320.0 23482.2 3328.0 3109.8    131    0.485  437    47.822   48.308
1024.0 1024.0  0.0    0.0    8192.0   2474.0   112640.0   72255.4   24320.0 23482.2 3328.0 3109.8    131    0.485  438    48.016   48.501
1024.0 1024.0  0.0    0.0    8192.0   3897.1   112640.0   72255.4   24320.0 23482.2 3328.0 3109.8    131    0.485  439    48.016   48.501
1024.0 1024.0  0.0    0.0    8192.0   1670.9   112640.0   72456.8   24320.0 23482.2 3328.0 3109.8    131    0.485  439    48.212   48.698
1024.0 1024.0  0.0    0.0    8192.0   3332.4   112640.0   72456.8   24320.0 23482.2 3328.0 3109.8    131    0.485  439    48.212   48.698
1024.0 1024.0  0.0    0.0    8192.0   6302.7   112640.0   72456.8   24320.0 23482.2 3328.0 3109.8    131    0.485  439    48.212   48.698
1024.0 1024.0 275.7   0.0    8192.0   330.2    112640.0   72456.8   24320.0 23483.5 3328.0 3109.8    132    0.488  439    48.212   48.700
1024.0 1024.0 275.7   0.0    8192.0   2863.2   112640.0   72456.8   24320.0 23483.5 3328.0 3109.8    132    0.488  439    48.212   48.700
1024.0 1024.0 275.7   0.0    8192.0   5368.6   112640.0   72456.8   24320.0 23483.5 3328.0 3109.8    132    0.488  439    48.212   48.700
1024.0 1024.0 275.7   0.0    8192.0   6684.2   112640.0   72456.8   24320.0 23483.5 3328.0 3109.8    132    0.488  439    48.212   48.700
1024.0 1024.0 275.7   0.0    8192.0   7764.7   112640.0   72456.8   24320.0 23483.5 3328.0 3109.8    132    0.488  440    48.212   48.700
1024.0 1024.0  0.0    0.0    8192.0   1409.1   112640.0   72720.0   24320.0 23498.8 3328.0 3109.8    132    0.488  441    48.420   48.908
1024.0 1024.0  0.0   997.6   8192.0   3445.2   112640.0   72739.9   24320.0 23498.8 3328.0 3109.8    133    0.491  442    48.653   49.144
1024.0 1024.0  0.0    0.0    8192.0   464.7    112640.0   75303.0   24320.0 23498.8 3328.0 3109.8    133    0.491  443    49.035   49.527
1024.0 1024.0  0.0    0.0    8192.0   2396.6   112640.0   75303.0   24320.0 23498.8 3328.0 3109.8    133    0.491  443    49.035   49.527
1024.0 1024.0  0.0    0.0    8192.0   4452.5   112640.0   75303.0   24320.0 23498.8 3328.0 3109.8    133    0.491  443    49.035   49.527
1024.0 1024.0  0.0    0.0    8192.0   1787.0   112640.0   71085.8   24320.0 23498.8 3328.0 3109.8    133    0.491  444    49.251   49.742
1024.0 1024.0  0.0    0.0    8192.0   1224.3   112640.0   71744.3   24320.0 23499.2 3328.0 3109.8    133    0.491  445    49.439   49.931
1024.0 1024.0  0.0    0.0    8192.0   2789.0   112640.0   71744.3   24320.0 23499.2 3328.0 3109.8    133    0.491  445    49.439   49.931
1024.0 1024.0  0.0    0.0    8192.0   4731.6   112640.0   71744.3   24320.0 23499.2 3328.0 3109.8    133    0.491  445    49.439   49.931
1024.0 1024.0  0.0    0.0    8192.0   6388.3   112640.0   71744.3   24320.0 23499.2 3328.0 3109.8    133    0.491  445    49.439   49.931
1024.0 1024.0  0.0    0.0    8192.0   7844.0   112640.0   71744.3   24320.0 23499.2 3328.0 3109.8    133    0.491  445    49.439   49.931
1024.0 1024.0 261.8   0.0    8192.0   1384.0   112640.0   71744.3   24320.0 23499.2 3328.0 3109.8    134    0.495  446    49.439   49.934
1024.0 1024.0  0.0    0.0    8192.0   2520.6   112640.0   72155.9   24320.0 23499.8 3328.0 3109.8    134    0.495  446    49.629   50.124
1024.0 1024.0  0.0    0.0    8192.0   4335.2   112640.0   72155.9   24320.0 23499.8 3328.0 3109.8    134    0.495  446    49.629   50.124
1024.0 1024.0  0.0    0.0    8192.0   2241.6   112640.0   72222.8   24320.0 23500.4 3328.0 3109.8    134    0.495  447    49.817   50.312
1024.0 1024.0  0.0    0.0    8192.0   902.2    112640.0   72204.4   24320.0 23500.7 3328.0 3109.8    134    0.495  448    50.003   50.498
1024.0 1024.0  0.0    0.0    8192.0   2470.2   112640.0   72204.4   24320.0 23500.7 3328.0 3109.8    134    0.495  448    50.003   50.498
1024.0 1024.0  0.0    0.0    8192.0   3764.6   112640.0   72204.4   24320.0 23500.7 3328.0 3109.8    134    0.495  448    50.003   50.498
1024.0 1024.0  0.0    0.0    8192.0   5798.8   112640.0   72204.4   24320.0 23500.7 3328.0 3109.8    134    0.495  448    50.003   50.498
1024.0 1024.0  0.0    0.0    8192.0   7425.4   112640.0   72204.4   24320.0 23500.7 3328.0 3109.8    134    0.495  448    50.003   50.498
1024.0 1024.0  0.0   224.5   8192.0   745.9    112640.0   72204.4   24320.0 23501.9 3328.0 3109.8    135    0.497  449    50.003   50.500
1024.0 1024.0  0.0    0.0    8192.0   2638.1   112640.0   72431.0   24320.0 23501.9 3328.0 3109.8    135    0.497  449    50.202   50.698
1024.0 1024.0  0.0    0.0    8192.0   5086.2   112640.0   72431.0   24320.0 23501.9 3328.0 3109.8    135    0.497  449    50.202   50.698
1024.0 1024.0  0.0    0.0    8192.0   6813.4   112640.0   72431.0   24320.0 23501.9 3328.0 3109.8    135    0.497  449    50.202   50.698
1024.0 1024.0  0.0    0.0    8192.0   2443.0   112640.0   72669.7   24320.0 23501.9 3328.0 3109.8    135    0.497  450    50.394   50.891
1024.0 1024.0  0.0    0.0    8192.0   1723.6   112640.0   73453.5   24320.0 23501.9 3328.0 3109.8    135    0.497  451    50.586   51.083
1024.0 1024.0  0.0    0.0    8192.0   3552.7   112640.0   73453.5   24320.0 23501.9 3328.0 3109.8    135    0.497  451    50.586   51.083
1024.0 1024.0  0.0    0.0    8192.0   5445.5   112640.0   73453.5   24320.0 23501.9 3328.0 3109.8    135    0.497  451    50.586   51.083
1024.0 1024.0  0.0    0.0    8192.0   7808.5   112640.0   73453.5   24320.0 23501.9 3328.0 3109.8    135    0.497  451    50.586   51.083
1024.0 1024.0 230.6   0.0    8192.0   1593.9   112640.0   73453.5   24320.0 23501.9 3328.0 3109.8    136    0.499  451    50.586   51.086
1024.0 1024.0  0.0    0.0    8192.0   756.1    112640.0   72884.1   24320.0 23501.9 3328.0 3109.8    136    0.499  452    50.778   51.278
1024.0 1024.0  0.0    0.0    8192.0   3935.8   112640.0   72884.1   24320.0 23501.9 3328.0 3109.8    136    0.499  452    50.778   51.278
1024.0 1024.0  0.0    0.0    8192.0   6325.1   112640.0   72884.1   24320.0 23501.9 3328.0 3109.8    136    0.499  452    50.778   51.278
1024.0 1024.0  0.0    0.0    8192.0   1273.5   112640.0   73093.4   24320.0 23501.9 3328.0 3109.8    136    0.499  453    50.980   51.479
1024.0 1024.0  0.0    0.0    8192.0   807.6    112640.0   73705.1   24320.0 23501.9 3328.0 3109.8    136    0.499  454    51.177   51.677
1024.0 1024.0  0.0    0.0    8192.0   2972.5   112640.0   73705.1   24320.0 23501.9 3328.0 3109.8    136    0.499  454    51.177   51.677
1024.0 1024.0  0.0    0.0    8192.0   4677.7   112640.0   73705.1   24320.0 23501.9 3328.0 3109.8    136    0.499  454    51.177   51.677
1024.0 1024.0  0.0    0.0    8192.0   6380.3   112640.0   73705.1   24320.0 23501.9 3328.0 3109.8    136    0.499  454    51.177   51.677
1024.0 1024.0  0.0   368.6   8192.0   142.3    112640.0   73705.1   24320.0 23501.9 3328.0 3109.8    137    0.503  454    51.177   51.681
1024.0 1024.0  0.0    0.0    8192.0   1902.7   112640.0   74077.5   24320.0 23501.9 3328.0 3109.8    137    0.503  455    51.406   51.909
1024.0 1024.0  0.0    0.0    8192.0   3944.0   112640.0   74077.5   24320.0 23501.9 3328.0 3109.8    137    0.503  455    51.406   51.909
1024.0 1024.0  0.0    0.0    8192.0   5711.5   112640.0   74077.5   24320.0 23501.9 3328.0 3109.8    137    0.503  455    51.406   51.909
1024.0 1024.0  0.0    0.0    8192.0   953.3    112640.0   74135.6   24320.0 23503.3 3328.0 3109.8    137    0.503  456    51.610   52.113
1024.0 1024.0  0.0    0.0    8192.0   3605.7   112640.0   74135.6   24320.0 23503.3 3328.0 3109.8    137    0.503  456    51.610   52.113
1024.0 1024.0  0.0    0.0    8192.0   851.7    112640.0   74770.2   24320.0 23503.3 3328.0 3109.8    137    0.503  457    51.800   52.303
1024.0 1024.0  0.0    0.0    8192.0   3257.2   112640.0   74770.2   24320.0 23503.3 3328.0 3109.8    137    0.503  457    51.800   52.303
1024.0 1024.0  0.0    0.0    8192.0   4815.4   112640.0   74770.2   24320.0 23503.3 3328.0 3109.8    137    0.503  457    51.800   52.303
1024.0 1024.0 950.1   0.0    8192.0   1920.6   112640.0   75002.3   24320.0 23503.3 3328.0 3109.8    138    0.506  458    52.017   52.523
1024.0 1024.0 950.1   0.0    8192.0   4006.1   112640.0   75002.3   24320.0 23503.3 3328.0 3109.8    138    0.506  458    52.017   52.523
1024.0 1024.0  0.0    0.0    8192.0   741.8    112640.0   77451.4   24320.0 23504.0 3328.0 3109.8    138    0.506  459    52.271   52.777
1024.0 1024.0  0.0    0.0    8192.0   2189.2   112640.0   77451.4   24320.0 23504.0 3328.0 3109.8    138    0.506  459    52.271   52.777
1024.0 1024.0  0.0    0.0    8192.0   4865.2   112640.0   77451.4   24320.0 23504.0 3328.0 3109.8    138    0.506  459    52.271   52.777
1024.0 1024.0  0.0    0.0    8192.0   7775.4   112640.0   77451.4   24320.0 23504.0 3328.0 3109.8    138    0.506  459    52.271   52.777
1024.0 1024.0  0.0   348.7   8192.0   1957.0   112640.0   77451.4   24320.0 23504.0 3328.0 3109.8    139    0.509  459    52.271   52.780
1024.0 1024.0  0.0   348.7   8192.0   4801.6   112640.0   77451.4   24320.0 23504.0 3328.0 3109.8    139    0.509  459    52.271   52.780
1024.0 1024.0  0.0   348.7   8192.0   7289.5   112640.0   77451.4   24320.0 23504.0 3328.0 3109.8    139    0.509  459    52.271   52.780
1024.0 1024.0 541.7   0.0    8192.0   501.5    112640.0   77451.4   24320.0 23504.0 3328.0 3109.8    140    0.513  459    52.271   52.784
1024.0 1024.0  0.0    0.0    8192.0   636.8    112640.0   75249.2   24320.0 23504.0 3328.0 3109.8    140    0.513  460    52.487   53.000
1024.0 1024.0  0.0    0.0    8192.0   1196.5   112640.0   75277.0   24320.0 23504.0 3328.0 3109.8    140    0.513  461    52.728   53.241
1024.0 1024.0  0.0    0.0    8192.0   911.2    112640.0   75464.8   24320.0 23504.0 3328.0 3109.8    140    0.513  462    52.901   53.414
1024.0 1024.0  0.0    0.0    8192.0   1620.3   112640.0   75493.8   24320.0 23504.0 3328.0 3109.8    140    0.513  463    53.064   53.578
1024.0 1024.0  0.0    0.0    8192.0   3695.1   112640.0   75493.8   24320.0 23504.0 3328.0 3109.8    140    0.513  463    53.064   53.578
1024.0 1024.0  0.0    0.0    8192.0   5553.6   112640.0   75493.8   24320.0 23504.0 3328.0 3109.8    140    0.513  464    53.064   53.578
1024.0 1024.0  0.0    0.0    8192.0   290.0    112640.0   74475.1   24320.0 23504.0 3328.0 3109.8    140    0.513  465    53.403   53.916
1024.0 1024.0  0.0    0.0    8192.0   2163.2   112640.0   74475.1   24320.0 23504.0 3328.0 3109.8    140    0.513  465    53.403   53.916
1024.0 1024.0  0.0    0.0    8192.0   4310.9   112640.0   74475.1   24320.0 23504.0 3328.0 3109.8    140    0.513  465    53.403   53.916
1024.0 1024.0  0.0    0.0    8192.0   6069.6   112640.0   74475.1   24320.0 23504.0 3328.0 3109.8    140    0.513  465    53.403   53.916
1024.0 1024.0  0.0    0.0    8192.0   8014.0   112640.0   74475.1   24320.0 23504.0 3328.0 3109.8    140    0.513  465    53.403   53.916
1024.0 1024.0  0.0   237.5   8192.0   2281.6   112640.0   74475.1   24320.0 23506.2 3328.0 3109.8    141    0.516  465    53.403   53.919
1024.0 1024.0  0.0    0.0    8192.0   1520.1   112640.0   74870.4   24320.0 23508.6 3328.0 3109.8    141    0.516  466    53.595   54.111
1024.0 1024.0  0.0    0.0    8192.0   4037.2   112640.0   74870.4   24320.0 23508.6 3328.0 3109.8    141    0.516  466    53.595   54.111
1024.0 1024.0  0.0    0.0    8192.0   5941.2   112640.0   74870.4   24320.0 23508.6 3328.0 3109.8    141    0.516  467    53.595   54.111
1024.0 1024.0  0.0    0.0    8192.0   2707.4   112640.0   74936.3   24320.0 23514.6 3328.0 3109.8    141    0.516  468    53.768   54.284
1024.0 1024.0  0.0    0.0    8192.0   2234.0   112640.0   74953.4   24320.0 23514.6 3328.0 3109.8    141    0.516  468    53.994   54.510
1024.0 1024.0  0.0    0.0    8192.0   4045.1   112640.0   74953.4   24320.0 23514.6 3328.0 3109.8    141    0.516  468    53.994   54.510
1024.0 1024.0  0.0    0.0    8192.0   6382.2   112640.0   74953.4   24320.0 23514.6 3328.0 3109.8    141    0.516  468    53.994   54.510
1024.0 1024.0  0.0    0.0    8192.0   8173.5   112640.0   74953.4   24320.0 23514.6 3328.0 3109.8    141    0.516  468    53.994   54.510
1024.0 1024.0 213.7   0.0    8192.0   1743.2   112640.0   74953.4   24320.0 23514.6 3328.0 3109.8    142    0.519  468    53.994   54.513
1024.0 1024.0  0.0    0.0    8192.0   1097.5   112640.0   75179.5   24320.0 23514.6 3328.0 3109.8    142    0.519  469    54.196   54.715
1024.0 1024.0  0.0    0.0    8192.0   3786.0   112640.0   75179.5   24320.0 23514.6 3328.0 3109.8    142    0.519  469    54.196   54.715
1024.0 1024.0  0.0    0.0    8192.0   5874.7   112640.0   75179.5   24320.0 23514.6 3328.0 3109.8    142    0.519  469    54.196   54.715
1024.0 1024.0  0.0    0.0    8192.0   975.0    112640.0   75407.7   24320.0 23514.6 3328.0 3109.8    142    0.519  470    54.385   54.905
1024.0 1024.0  0.0    0.0    8192.0   471.4    112640.0   76188.7   24320.0 23514.6 3328.0 3109.8    142    0.519  471    54.572   55.091
1024.0 1024.0  0.0    0.0    8192.0   2011.4   112640.0   76188.7   24320.0 23514.6 3328.0 3109.8    142    0.519  471    54.572   55.091
1024.0 1024.0  0.0    0.0    8192.0   3743.0   112640.0   76188.7   24320.0 23514.6 3328.0 3109.8    142    0.519  471    54.572   55.091
1024.0 1024.0  0.0    0.0    8192.0   5630.1   112640.0   76188.7   24320.0 23514.6 3328.0 3109.8    142    0.519  471    54.572   55.091
1024.0 1024.0  0.0    0.0    8192.0   7256.7   112640.0   76188.7   24320.0 23514.6 3328.0 3109.8    142    0.519  471    54.572   55.091
1024.0 1024.0  0.0   214.7   8192.0   621.2    112640.0   76188.7   24320.0 23514.6 3328.0 3109.8    143    0.521  471    54.572   55.093
1024.0 1024.0  0.0    0.0    8192.0   1944.8   112640.0   75630.8   24320.0 23514.6 3328.0 3109.8    143    0.521  472    54.806   55.327
1024.0 1024.0  0.0    0.0    8192.0   4489.7   112640.0   75630.8   24320.0 23514.6 3328.0 3109.8    143    0.521  472    54.806   55.327
1024.0 1024.0  0.0    0.0    8192.0   5916.9   112640.0   75630.8   24320.0 23514.6 3328.0 3109.8    143    0.521  472    54.806   55.327
1024.0 1024.0  0.0    0.0    8192.0   2229.4   112640.0   75837.8   24320.0 23514.6 3328.0 3109.8    143    0.521  474    55.004   55.525
1024.0 1024.0  0.0    0.0    8192.0   1682.2   112640.0   76446.1   24320.0 23515.1 3328.0 3109.8    143    0.521  474    55.223   55.744
1024.0 1024.0  0.0    0.0    8192.0   2990.8   112640.0   76446.1   24320.0 23515.1 3328.0 3109.8    143    0.521  474    55.223   55.744
1024.0 1024.0 758.8   0.0    8192.0   5546.9   112640.0   76446.1   24320.0 23522.9 3328.0 3109.8    144    0.524  474    55.223   55.747
1024.0 1024.0 758.8   0.0    8192.0   7245.9   112640.0   76446.1   24320.0 23522.9 3328.0 3109.8    144    0.524  474    55.223   55.747
1024.0 1024.0  0.0    0.0    8192.0   737.4    112640.0   79039.7   24320.0 23524.9 3328.0 3109.8    144    0.524  475    55.417   55.941
1024.0 1024.0  0.0    0.0    8192.0   2886.4   112640.0   79039.7   24320.0 23524.9 3328.0 3109.8    144    0.524  475    55.417   55.941
1024.0 1024.0  0.0    0.0    8192.0   4486.1   112640.0   79039.7   24320.0 23524.9 3328.0 3109.8    144    0.524  475    55.417   55.941
1024.0 1024.0  0.0    0.0    8192.0   6386.8   112640.0   79039.7   24320.0 23524.9 3328.0 3109.8    144    0.524  475    55.417   55.941
1024.0 1024.0  0.0    0.0    8192.0   2991.7   112640.0   76691.8   24320.0 23524.9 3328.0 3109.8    144    0.524  476    55.608   56.132
1024.0 1024.0  0.0    0.0    8192.0   514.5    112640.0   77346.8   24320.0 23524.9 3328.0 3109.8    144    0.524  477    55.801   56.325
1024.0 1024.0  0.0    0.0    8192.0   2983.0   112640.0   77346.8   24320.0 23524.9 3328.0 3109.8    144    0.524  477    55.801   56.325
1024.0 1024.0  0.0    0.0    8192.0   5166.2   112640.0   77346.8   24320.0 23524.9 3328.0 3109.8    144    0.524  477    55.801   56.325
1024.0 1024.0  0.0    0.0    8192.0   6486.0   112640.0   77346.8   24320.0 23524.9 3328.0 3109.8    144    0.524  478    55.801   56.325
1024.0 1024.0  0.0    0.0    8192.0   2547.1   112640.0   77594.6   24320.0 23524.9 3328.0 3109.8    144    0.524  478    55.974   56.498
1024.0 1024.0  0.0    0.0    8192.0   492.5    112640.0   77798.9   24320.0 23524.9 3328.0 3109.8    144    0.524  479    56.147   56.671
1024.0 1024.0  0.0    0.0    8192.0   2028.7   112640.0   77798.9   24320.0 23524.9 3328.0 3109.8    144    0.524  479    56.147   56.671
1024.0 1024.0  0.0    0.0    8192.0   4360.0   112640.0   77798.9   24320.0 23524.9 3328.0 3109.8    144    0.524  479    56.147   56.671
1024.0 1024.0  0.0    0.0    8192.0   7708.7   112640.0   77798.9   24320.0 23524.9 3328.0 3109.8    144    0.524  479    56.147   56.671
1024.0 1024.0  0.0   273.2   8192.0   1957.0   112640.0   77798.9   24320.0 23524.9 3328.0 3109.8    145    0.527  479    56.147   56.674
1024.0 1024.0  0.0   273.2   8192.0   4947.8   112640.0   77798.9   24320.0 23524.9 3328.0 3109.8    145    0.527  479    56.147   56.674
1024.0 1024.0  0.0   273.2   8192.0   7294.5   112640.0   77798.9   24320.0 23524.9 3328.0 3109.8    145    0.527  479    56.147   56.674
1024.0 1024.0 461.2   0.0    8192.0   578.3    112640.0   77798.9   24320.0 23524.9 3328.0 3109.8    146    0.532  479    56.147   56.679
1024.0 1024.0  0.0    0.0    8192.0   875.8    112640.0   77992.0   24320.0 23524.9 3328.0 3109.8    146    0.532  480    56.351   56.883
1024.0 1024.0  0.0    0.0    8192.0   1419.4   112640.0   78015.8   24320.0 23524.9 3328.0 3109.8    146    0.532  481    56.554   57.086
1024.0 1024.0  0.0    0.0    8192.0   1123.7   112640.0   78197.3   24320.0 23524.9 3328.0 3109.8    146    0.532  482    56.816   57.348
1024.0 1024.0  0.0    0.0    8192.0   1349.5   112640.0   78291.0   24320.0 23524.9 3328.0 3109.8    146    0.532  483    57.014   57.546
1024.0 1024.0  0.0    0.0    8192.0   3469.3   112640.0   78291.0   24320.0 23524.9 3328.0 3109.8    146    0.532  483    57.014   57.546
1024.0 1024.0  0.0    0.0    8192.0   4957.7   112640.0   78291.0   24320.0 23524.9 3328.0 3109.8    146    0.532  484    57.014   57.546
1024.0 1024.0  0.0    0.0    8192.0   247.1    112640.0   77281.3   24320.0 23524.9 3328.0 3109.8    146    0.532  485    57.423   57.955
1024.0 1024.0  0.0    0.0    8192.0   1914.4   112640.0   77281.3   24320.0 23524.9 3328.0 3109.8    146    0.532  485    57.423   57.955
1024.0 1024.0  0.0    0.0    8192.0   3408.5   112640.0   77281.3   24320.0 23524.9 3328.0 3109.8    146    0.532  485    57.423   57.955
1024.0 1024.0  0.0    0.0    8192.0   5385.9   112640.0   77281.3   24320.0 23524.9 3328.0 3109.8    146    0.532  485    57.423   57.955
1024.0 1024.0  0.0    0.0    8192.0   6932.8   112640.0   77281.3   24320.0 23524.9 3328.0 3109.8    146    0.532  485    57.423   57.955
1024.0 1024.0  0.0   216.9   8192.0   222.8    112640.0   77281.3   24320.0 23524.9 3328.0 3109.8    147    0.535  485    57.423   57.957
1024.0 1024.0  0.0    0.0    8192.0   1226.2   112640.0   77637.3   24320.0 23525.3 3328.0 3109.8    147    0.535  486    57.623   58.158
1024.0 1024.0  0.0    0.0    8192.0   3491.7   112640.0   77637.3   24320.0 23525.3 3328.0 3109.8    147    0.535  486    57.623   58.158
1024.0 1024.0  0.0    0.0    8192.0   4880.8   112640.0   77637.3   24320.0 23525.3 3328.0 3109.8    147    0.535  487    57.623   58.158
1024.0 1024.0  0.0    0.0    8192.0   2740.7   112640.0   77703.5   24320.0 23525.3 3328.0 3109.8    147    0.535  488    57.829   58.364
1024.0 1024.0  0.0    0.0    8192.0   1787.9   112640.0   77745.8   24320.0 23525.7 3328.0 3109.8    147    0.535  488    58.052   58.587
1024.0 1024.0  0.0    0.0    8192.0   3247.9   112640.0   77745.8   24320.0 23525.7 3328.0 3109.8    147    0.535  488    58.052   58.587
1024.0 1024.0  0.0    0.0    8192.0   4845.7   112640.0   77745.8   24320.0 23525.7 3328.0 3109.8    147    0.535  488    58.052   58.587
1024.0 1024.0  0.0    0.0    8192.0   6763.5   112640.0   77745.8   24320.0 23525.7 3328.0 3109.8    147    0.535  488    58.052   58.587
1024.0 1024.0 211.8   0.0    8192.0   120.3    112640.0   77745.8   24320.0 23526.8 3328.0 3109.8    148    0.538  488    58.052   58.589
1024.0 1024.0  0.0    0.0    8192.0   977.7    112640.0   77960.2   24320.0 23526.8 3328.0 3109.8    148    0.538  489    58.268   58.806
1024.0 1024.0  0.0    0.0    8192.0   3550.0   112640.0   77960.2   24320.0 23526.8 3328.0 3109.8    148    0.538  489    58.268   58.806
1024.0 1024.0  0.0    0.0    8192.0   5466.8   112640.0   77960.2   24320.0 23526.8 3328.0 3109.8    148    0.538  489    58.268   58.806
1024.0 1024.0  0.0    0.0    8192.0   848.8    112640.0   78179.5   24320.0 23526.8 3328.0 3109.8    148    0.538  490    58.494   59.031
1024.0 1024.0  0.0    0.0    8192.0   894.1    112640.0   78800.5   24320.0 23531.9 3328.0 3109.8    148    0.538  491    58.707   59.244
1024.0 1024.0  0.0   978.8   8192.0   3721.8   112640.0   78800.5   24320.0 23531.9 3328.0 3109.8    149    0.540  491    58.707   59.247
1024.0 1024.0  0.0   978.8   8192.0   4987.8   112640.0   78800.5   24320.0 23531.9 3328.0 3109.8    149    0.540  491    58.707   59.247
1024.0 1024.0  0.0   978.8   8192.0   6475.7   112640.0   78800.5   24320.0 23531.9 3328.0 3109.8    149    0.540  491    58.707   59.247
1024.0 1024.0 1024.0  0.0    8192.0   265.2    112640.0   80376.2   24320.0 23543.8 3328.0 3109.8    150    0.553  491    58.707   59.260
1024.0 1024.0 1024.0  0.0    8192.0   1860.8   112640.0   80376.2   24320.0 23543.8 3328.0 3109.8    150    0.553  491    58.707   59.260
1024.0 1024.0  0.0    0.0    8192.0   1579.3   112640.0   78191.9   24320.0 23543.8 3328.0 3109.8    150    0.553  492    58.951   59.504
1024.0 1024.0  0.0    0.0    8192.0   4589.3   112640.0   78191.9   24320.0 23543.8 3328.0 3109.8    150    0.553  492    58.951   59.504
1024.0 1024.0  0.0    0.0    8192.0   6387.9   112640.0   78191.9   24320.0 23543.8 3328.0 3109.8    150    0.553  492    58.951   59.504
1024.0 1024.0  0.0    0.0    8192.0   2397.0   112640.0   78435.6   24320.0 23545.3 3328.0 3110.2    150    0.553  493    59.157   59.710
1024.0 1024.0  0.0    0.0    8192.0   2032.1   112640.0   79054.6   24320.0 23545.3 3328.0 3110.2    150    0.553  494    59.361   59.914
1024.0 1024.0  0.0    0.0    8192.0   3729.8   112640.0   79054.6   24320.0 23545.3 3328.0 3110.2    150    0.553  494    59.361   59.914
1024.0 1024.0  0.0    0.0    8192.0   5576.9   112640.0   79054.6   24320.0 23545.3 3328.0 3110.2    150    0.553  494    59.361   59.914
1024.0 1024.0  0.0    0.0    8192.0   7275.2   112640.0   79054.6   24320.0 23545.3 3328.0 3110.2    150    0.553  494    59.361   59.914
1024.0 1024.0  0.0    0.0    8192.0   312.7    112640.0   79442.9   24320.0 23545.3 3328.0 3110.2    151    0.557  495    59.641   60.198
1024.0 1024.0  0.0    0.0    8192.0   2899.1   112640.0   79442.9   24320.0 23545.3 3328.0 3110.2    151    0.557  495    59.641   60.198
1024.0 1024.0  0.0    0.0    8192.0   4712.6   112640.0   79442.9   24320.0 23545.3 3328.0 3110.2    151    0.557  495    59.641   60.198
1024.0 1024.0  0.0    0.0    8192.0   6554.5   112640.0   79442.9   24320.0 23545.3 3328.0 3110.2    151    0.557  495    59.641   60.198
1024.0 1024.0  0.0    0.0    8192.0   2234.2   112640.0   79443.6   24320.0 23545.3 3328.0 3110.2    151    0.557  496    59.833   60.390
1024.0 1024.0  0.0    0.0    8192.0   4734.1   112640.0   79443.6   24320.0 23545.3 3328.0 3110.2    151    0.557  497    59.833   60.390
1024.0 1024.0  0.0    0.0    8192.0   2053.9   112640.0   80082.7   24320.0 23545.3 3328.0 3110.2    151    0.557  497    60.057   60.614
1024.0 1024.0  0.0    0.0    8192.0   4674.8   112640.0   80082.7   24320.0 23545.3 3328.0 3110.2    151    0.557  497    60.057   60.614
1024.0 1024.0  0.0    0.0    8192.0   6206.4   112640.0   80082.7   24320.0 23545.3 3328.0 3110.2    151    0.557  497    60.057   60.614
1024.0 1024.0  0.0    0.0    8192.0   1794.3   112640.0   80320.2   24320.0 23545.7 3328.0 3110.2    151    0.557  498    60.295   60.852
1024.0 1024.0  0.0    0.0    8192.0   3927.2   112640.0   80320.2   24320.0 23545.7 3328.0 3110.2    151    0.557  499    60.295   60.852
1024.0 1024.0  0.0    0.0    8192.0   1623.8   112640.0   80515.5   24320.0 23545.7 3328.0 3110.2    151    0.557  499    60.543   61.100
1024.0 1024.0  0.0    0.0    8192.0   3386.2   112640.0   80515.5   24320.0 23545.7 3328.0 3110.2    151    0.557  499    60.543   61.100
1024.0 1024.0  0.0    0.0    8192.0   6720.1   112640.0   80515.5   24320.0 23545.7 3328.0 3110.2    151    0.557  499    60.543   61.100
1024.0 1024.0 275.1   0.0    8192.0   732.2    112640.0   80515.5   24320.0 23545.7 3328.0 3110.2    152    0.559  499    60.543   61.102
1024.0 1024.0 275.1   0.0    8192.0   3621.2   112640.0   80515.5   24320.0 23545.7 3328.0 3110.2    152    0.559  499    60.543   61.102
1024.0 1024.0 275.1   0.0    8192.0   6230.1   112640.0   80515.5   24320.0 23545.7 3328.0 3110.2    152    0.559  499    60.543   61.102
1024.0 1024.0  0.0   458.8   8192.0   112.6    112640.0   80515.5   24320.0 23545.7 3328.0 3110.2    153    0.563  499    60.543   61.106
1024.0 1024.0  0.0   458.8   8192.0   1638.9   112640.0   80515.5   24320.0 23545.7 3328.0 3110.2    153    0.563  500    60.543   61.106
1024.0 1024.0  0.0    0.0    8192.0   1811.9   112640.0   80740.7   24320.0 23545.7 3328.0 3110.2    153    0.563  501    60.753   61.316
1024.0 1024.0  0.0    0.0    8192.0   2343.4   112640.0   80768.1   24320.0 23545.7 3328.0 3110.2    153    0.563  502    60.955   61.518
1024.0 1024.0  0.0    0.0    8192.0   536.3    112640.0   81031.5   24320.0 23547.7 3328.0 3110.2    153    0.563  503    61.364   61.927
1024.0 1024.0  0.0    0.0    8192.0   2905.6   112640.0   81031.5   24320.0 23547.7 3328.0 3110.2    153    0.563  503    61.364   61.927
1024.0 1024.0  0.0    0.0    8192.0   4670.1   112640.0   81031.5   24320.0 23547.7 3328.0 3110.2    153    0.563  503    61.364   61.927
1024.0 1024.0  0.0    0.0    8192.0   1842.6   112640.0   79330.8   24320.0 23547.7 3328.0 3110.2    153    0.563  504    61.578   62.140
1024.0 1024.0  0.0    0.0    8192.0   1336.9   112640.0   79953.5   24320.0 23547.7 3328.0 3110.2    153    0.563  505    61.783   62.346
1024.0 1024.0  0.0    0.0    8192.0   3178.9   112640.0   79953.5   24320.0 23547.7 3328.0 3110.2    153    0.563  505    61.783   62.346
1024.0 1024.0  0.0    0.0    8192.0   5544.7   112640.0   79953.5   24320.0 23547.7 3328.0 3110.2    153    0.563  505    61.783   62.346
1024.0 1024.0  0.0    0.0    8192.0   7579.2   112640.0   79953.5   24320.0 23547.7 3328.0 3110.2    153    0.563  505    61.783   62.346
1024.0 1024.0 208.8   0.0    8192.0   1301.0   112640.0   79953.5   24320.0 23547.7 3328.0 3110.2    154    0.566  505    61.783   62.348
1024.0 1024.0 208.8   0.0    8192.0   2877.2   112640.0   79953.5   24320.0 23547.7 3328.0 3110.2    154    0.566  506    61.783   62.348
1024.0 1024.0  0.0    0.0    8192.0   3102.4   112640.0   80173.0   24320.0 23547.7 3328.0 3110.2    154    0.566  506    61.986   62.552
1024.0 1024.0  0.0    0.0    8192.0   5076.0   112640.0   80173.0   24320.0 23547.7 3328.0 3110.2    154    0.566  506    61.986   62.552
1024.0 1024.0  0.0   1024.0  8192.0   2647.4   112640.0   80838.2   24320.0 23549.4 3328.0 3110.2    155    0.569  507    62.184   62.752
1024.0 1024.0  0.0    0.0    8192.0   1018.6   112640.0   80120.1   24320.0 23549.4 3328.0 3110.2    155    0.569  508    62.423   62.992
1024.0 1024.0  0.0    0.0    8192.0   2465.3   112640.0   80120.1   24320.0 23549.4 3328.0 3110.2    155    0.569  508    62.423   62.992
1024.0 1024.0  0.0    0.0    8192.0   3990.1   112640.0   80120.1   24320.0 23549.4 3328.0 3110.2    155    0.569  508    62.423   62.992
1024.0 1024.0  0.0    0.0    8192.0   5985.0   112640.0   80120.1   24320.0 23549.4 3328.0 3110.2    155    0.569  508    62.423   62.992
1024.0 1024.0  0.0    0.0    8192.0   7610.3   112640.0   80120.1   24320.0 23549.4 3328.0 3110.2    155    0.569  508    62.423   62.992
1024.0 1024.0 483.9   0.0    8192.0   1185.0   112640.0   80120.1   24320.0 23549.4 3328.0 3110.2    156    0.571  508    62.423   62.995
1024.0 1024.0  0.0    0.0    8192.0   2091.2   112640.0   80613.4   24320.0 23549.4 3328.0 3110.2    156    0.571  509    62.622   63.193
1024.0 1024.0  0.0    0.0    8192.0   4742.7   112640.0   80613.4   24320.0 23549.4 3328.0 3110.2    156    0.571  509    62.622   63.193
1024.0 1024.0  0.0    0.0    8192.0   6821.8   112640.0   80613.4   24320.0 23549.4 3328.0 3110.2    156    0.571  509    62.622   63.193
1024.0 1024.0  0.0    0.0    8192.0   1780.7   112640.0   80871.9   24320.0 23549.4 3328.0 3110.2    156    0.571  510    62.789   63.360
1024.0 1024.0  0.0    0.0    8192.0   1835.3   112640.0   81505.8   24320.0 23549.4 3328.0 3110.2    156    0.571  511    62.984   63.555
1024.0 1024.0  0.0    0.0    8192.0   3526.0   112640.0   81505.8   24320.0 23549.4 3328.0 3110.2    156    0.571  511    62.984   63.555
1024.0 1024.0  0.0    0.0    8192.0   5403.6   112640.0   81505.8   24320.0 23549.4 3328.0 3110.2    156    0.571  511    62.984   63.555
1024.0 1024.0  0.0    0.0    8192.0   7624.5   112640.0   81505.8   24320.0 23549.4 3328.0 3110.2    156    0.571  511    62.984   63.555
1024.0 1024.0  0.0   443.4   8192.0   1271.2   112640.0   81505.8   24320.0 23549.4 3328.0 3110.2    157    0.575  511    62.984   63.559
1024.0 1024.0  0.0    0.0    8192.0   513.8    112640.0   80973.1   24320.0 23549.4 3328.0 3110.2    157    0.575  512    63.185   63.760
1024.0 1024.0  0.0    0.0    8192.0   3156.3   112640.0   80973.1   24320.0 23549.4 3328.0 3110.2    157    0.575  512    63.185   63.760
1024.0 1024.0  0.0    0.0    8192.0   5784.9   112640.0   80973.1   24320.0 23549.4 3328.0 3110.2    157    0.575  512    63.185   63.760
1024.0 1024.0  0.0    0.0    8192.0   1051.1   112640.0   81201.2   24320.0 23565.9 3328.0 3111.9    157    0.575  513    63.388   63.963
1024.0 1024.0  0.0    0.0    8192.0   544.4    112640.0   81809.9   24320.0 23565.9 3328.0 3111.9    157    0.575  514    63.595   64.170
1024.0 1024.0  0.0    0.0    8192.0   2419.3   112640.0   81809.9   24320.0 23565.9 3328.0 3111.9    157    0.575  514    63.595   64.170
1024.0 1024.0  0.0    0.0    8192.0   3993.1   112640.0   81809.9   24320.0 23565.9 3328.0 3111.9    157    0.575  514    63.595   64.170
1024.0 1024.0  0.0    0.0    8192.0   5301.6   112640.0   81809.9   24320.0 23565.9 3328.0 3111.9    157    0.575  514    63.595   64.170
1024.0 1024.0  0.0    0.0    8192.0   7103.3   112640.0   81809.9   24320.0 23565.9 3328.0 3111.9    157    0.575  514    63.595   64.170
1024.0 1024.0  0.0    0.0    8192.0   1519.3   112640.0   82175.9   24320.0 23565.9 3328.0 3111.9    157    0.575  515    63.834   64.409
1024.0 1024.0  0.0    0.0    8192.0   3428.4   112640.0   82175.9   24320.0 23565.9 3328.0 3111.9    157    0.575  515    63.834   64.409
1024.0 1024.0  0.0    0.0    8192.0   4761.4   112640.0   82175.9   24320.0 23565.9 3328.0 3111.9    157    0.575  515    63.834   64.409
1024.0 1024.0 207.2   0.0    8192.0   1151.7   112640.0   82175.9   24320.0 23565.9 3328.0 3111.9    158    0.579  515    63.834   64.412
1024.0 1024.0 207.2   0.0    8192.0   4029.8   112640.0   82175.9   24320.0 23565.9 3328.0 3111.9    158    0.579  515    63.834   64.412
1024.0 1024.0  0.0    0.0    8192.0   1083.3   112640.0   82854.4   24320.0 23565.9 3328.0 3111.9    158    0.579  516    64.047   64.626
1024.0 1024.0  0.0    0.0    8192.0   3746.5   112640.0   82854.4   24320.0 23565.9 3328.0 3111.9    158    0.579  516    64.047   64.626
1024.0 1024.0  0.0    0.0    8192.0   5447.9   112640.0   82854.4   24320.0 23565.9 3328.0 3111.9    158    0.579  516    64.047   64.626
1024.0 1024.0  0.0    0.0    8192.0   1064.0   112640.0   83081.5   24320.0 23565.9 3328.0 3111.9    158    0.579  517    64.280   64.858
1024.0 1024.0  0.0    0.0    8192.0   3039.7   112640.0   83081.5   24320.0 23565.9 3328.0 3111.9    158    0.579  517    64.280   64.858
1024.0 1024.0  0.0    0.0    8192.0   1060.8   112640.0   83270.3   24320.0 23565.9 3328.0 3111.9    158    0.579  518    64.490   65.069
1024.0 1024.0  0.0    0.0    8192.0   2767.6   112640.0   83270.3   24320.0 23565.9 3328.0 3111.9    158    0.579  518    64.490   65.069
1024.0 1024.0  0.0    0.0    8192.0   5448.7   112640.0   83270.3   24320.0 23565.9 3328.0 3111.9    158    0.579  518    64.490   65.069
1024.0 1024.0  0.0   267.8   8192.0   206.5    112640.0   83270.3   24320.0 23565.9 3328.0 3111.9    159    0.582  518    64.490   65.072
1024.0 1024.0  0.0   267.8   8192.0   2668.7   112640.0   83270.3   24320.0 23565.9 3328.0 3111.9    159    0.582  518    64.490   65.072
1024.0 1024.0  0.0   267.8   8192.0   5604.6   112640.0   83270.3   24320.0 23565.9 3328.0 3111.9    159    0.582  518    64.490   65.072
1024.0 1024.0  0.0   267.8   8192.0   7568.5   112640.0   83270.3   24320.0 23565.9 3328.0 3111.9    159    0.582  518    64.490   65.072
1024.0 1024.0 447.7   0.0    8192.0   783.4    112640.0   83270.3   24320.0 23565.9 3328.0 3111.9    160    0.584  518    64.490   65.074
1024.0 1024.0  0.0    0.0    8192.0   1357.0   112640.0   83651.9   24320.0 23565.9 3328.0 3111.9    160    0.584  519    64.753   65.337
1024.0 1024.0  0.0    0.0    8192.0   1417.4   112640.0   81762.9   24320.0 23565.9 3328.0 3111.9    160    0.584  520    64.998   65.582
1024.0 1024.0  0.0    0.0    8192.0   1852.4   112640.0   81782.5   24320.0 23565.9 3328.0 3111.9    160    0.584  521    65.224   65.808
1024.0 1024.0  0.0    0.0    8192.0   1618.5   112640.0   82095.1   24320.0 23565.9 3328.0 3111.9    160    0.584  522    65.465   66.049
1024.0 1024.0  0.0    0.0    8192.0   2699.9   112640.0   82095.1   24320.0 23565.9 3328.0 3111.9    160    0.584  522    65.465   66.049
1024.0 1024.0  0.0    0.0    8192.0   1171.4   112640.0   82127.0   24320.0 23565.9 3328.0 3111.9    160    0.584  523    65.637   66.221
1024.0 1024.0  0.0    0.0    8192.0   169.6    112640.0   82159.9   24320.0 23565.9 3328.0 3111.9    160    0.584  524    65.834   66.418
1024.0 1024.0  0.0   913.7   8192.0   2433.1   112640.0   82159.9   24320.0 23566.6 3328.0 3111.9    161    0.587  524    65.834   66.420
1024.0 1024.0  0.0   913.7   8192.0   3616.2   112640.0   82159.9   24320.0 23566.6 3328.0 3111.9    161    0.587  524    65.834   66.420
1024.0 1024.0  0.0   913.7   8192.0   5349.5   112640.0   82159.9   24320.0 23566.6 3328.0 3111.9    161    0.587  524    65.834   66.420
1024.0 1024.0  0.0   913.7   8192.0   6850.0   112640.0   82159.9   24320.0 23566.6 3328.0 3111.9    161    0.587  524    65.834   66.420
1024.0 1024.0 1024.0  0.0    8192.0    88.4    112640.0   83590.5   24320.0 23567.2 3328.0 3111.9    162    0.591  524    65.834   66.425
1024.0 1024.0  0.0    0.0    8192.0   1958.3   112640.0   84617.3   24320.0 23567.2 3328.0 3111.9    162    0.591  525    66.019   66.610
1024.0 1024.0  0.0    0.0    8192.0   3954.6   112640.0   84617.3   24320.0 23567.2 3328.0 3111.9    162    0.591  525    66.019   66.610
1024.0 1024.0  0.0    0.0    8192.0    0.0     112640.0   84837.4   24320.0 23556.0 3328.0 3110.2    162    0.591  526    66.220   66.811
1024.0 1024.0  0.0    0.0    8192.0   371.8    112640.0   85451.2   24320.0 23556.0 3328.0 3110.2    162    0.591  527    66.421   67.013
1024.0 1024.0  0.0    0.0    8192.0   2314.4   112640.0   85451.2   24320.0 23556.0 3328.0 3110.2    162    0.591  527    66.421   67.013
1024.0 1024.0  0.0    0.0    8192.0   3700.4   112640.0   85451.2   24320.0 23556.0 3328.0 3110.2    162    0.591  527    66.421   67.013
1024.0 1024.0  0.0    0.0    8192.0   5249.8   112640.0   85451.2   24320.0 23556.0 3328.0 3110.2    162    0.591  527    66.421   67.013
1024.0 1024.0  0.0    0.0    8192.0   7188.9   112640.0   85451.2   24320.0 23556.0 3328.0 3110.2    162    0.591  527    66.421   67.013
1024.0 1024.0  0.0   386.1   8192.0   438.5    112640.0   85451.2   24320.0 23556.0 3328.0 3110.2    163    0.595  527    66.421   67.016
1024.0 1024.0  0.0    0.0    8192.0   1058.5   112640.0   83179.5   24320.0 23556.0 3328.0 3110.2    163    0.595  528    66.678   67.272
1024.0 1024.0  0.0    0.0    8192.0   3583.0   112640.0   83179.5   24320.0 23556.0 3328.0 3110.2    163    0.595  528    66.678   67.272
1024.0 1024.0  0.0    0.0    8192.0   5401.7   112640.0   83179.5   24320.0 23556.0 3328.0 3110.2    163    0.595  528    66.678   67.272
1024.0 1024.0  0.0    0.0    8192.0   1104.9   112640.0   83402.5   24320.0 23556.0 3328.0 3110.2    163    0.595  529    66.874   67.468
1024.0 1024.0  0.0    0.0    8192.0   542.3    112640.0   84028.4   24320.0 23556.0 3328.0 3110.2    163    0.595  530    67.083   67.678
1024.0 1024.0  0.0    0.0    8192.0   2473.2   112640.0   84028.4   24320.0 23556.0 3328.0 3110.2    163    0.595  530    67.083   67.678
1024.0 1024.0  0.0    0.0    8192.0   3982.6   112640.0   84028.4   24320.0 23556.0 3328.0 3110.2    163    0.595  530    67.083   67.678
1024.0 1024.0  0.0    0.0    8192.0   5723.4   112640.0   84028.4   24320.0 23556.0 3328.0 3110.2    163    0.595  530    67.083   67.678
1024.0 1024.0  0.0    0.0    8192.0   7766.7   112640.0   84028.4   24320.0 23556.0 3328.0 3110.2    163    0.595  530    67.083   67.678
1024.0 1024.0 382.8   0.0    8192.0   1153.8   112640.0   84028.4   24320.0 23556.0 3328.0 3110.2    164    0.596  530    67.083   67.679
1024.0 1024.0  0.0    0.0    8192.0   1770.0   112640.0   84417.6   24320.0 23556.0 3328.0 3110.2    164    0.596  531    67.316   67.913
1024.0 1024.0  0.0    0.0    8192.0   5003.5   112640.0   84417.6   24320.0 23556.0 3328.0 3110.2    164    0.596  531    67.316   67.913
1024.0 1024.0  0.0    0.0    8192.0   6827.6   112640.0   84417.6   24320.0 23556.0 3328.0 3110.2    164    0.596  531    67.316   67.913
1024.0 1024.0  0.0    0.0    8192.0   2558.7   112640.0   83850.6   24320.0 23556.0 3328.0 3110.2    164    0.596  532    67.551   68.148
1024.0 1024.0  0.0    0.0    8192.0   1841.3   112640.0   84478.6   24320.0 23556.0 3328.0 3110.2    164    0.596  533    67.787   68.384
1024.0 1024.0  0.0    0.0    8192.0   4095.7   112640.0   84478.6   24320.0 23556.0 3328.0 3110.2    164    0.596  533    67.787   68.384
1024.0 1024.0  0.0    0.0    8192.0   6057.6   112640.0   84478.6   24320.0 23556.0 3328.0 3110.2    164    0.596  533    67.787   68.384
1024.0 1024.0  0.0    0.0    8192.0   8018.4   112640.0   84478.6   24320.0 23556.0 3328.0 3110.2    164    0.596  533    67.787   68.384
1024.0 1024.0  0.0    0.0    8192.0   578.3    112640.0   84873.3   24320.0 23556.0 3328.0 3110.2    165    0.599  534    67.961   68.561
1024.0 1024.0  0.0    0.0    8192.0   3083.1   112640.0   84873.3   24320.0 23556.0 3328.0 3110.2    165    0.599  534    67.961   68.561
1024.0 1024.0  0.0    0.0    8192.0   5056.1   112640.0   84873.3   24320.0 23556.0 3328.0 3110.2    165    0.599  534    67.961   68.561
1024.0 1024.0  0.0    0.0    8192.0   6754.9   112640.0   84873.3   24320.0 23556.0 3328.0 3110.2    165    0.599  534    67.961   68.561
1024.0 1024.0  0.0    0.0    8192.0   2430.5   112640.0   85070.3   24320.0 23556.0 3328.0 3110.2    165    0.599  535    68.194   68.794
1024.0 1024.0  0.0    0.0    8192.0   5029.2   112640.0   85070.3   24320.0 23556.0 3328.0 3110.2    165    0.599  536    68.194   68.794
1024.0 1024.0  0.0    0.0    8192.0   2054.4   112640.0   85582.6   24320.0 23556.0 3328.0 3110.2    165    0.599  536    68.423   69.022
1024.0 1024.0  0.0    0.0    8192.0   4923.7   112640.0   85582.6   24320.0 23556.0 3328.0 3110.2    165    0.599  536    68.423   69.022
1024.0 1024.0  0.0    0.0    8192.0   6486.7   112640.0   85582.6   24320.0 23556.0 3328.0 3110.2    165    0.599  536    68.423   69.022
1024.0 1024.0  0.0    0.0    8192.0   1537.3   112640.0   85809.7   24320.0 23556.0 3328.0 3110.2    165    0.599  537    68.632   69.231
1024.0 1024.0  0.0    0.0    8192.0   3189.1   112640.0   85809.7   24320.0 23556.0 3328.0 3110.2    165    0.599  538    68.632   69.231
1024.0 1024.0  0.0    0.0    8192.0   1864.1   112640.0   85856.2   24320.0 23556.0 3328.0 3110.2    165    0.599  538    68.836   69.435
1024.0 1024.0  0.0    0.0    8192.0   3445.2   112640.0   85856.2   24320.0 23556.0 3328.0 3110.2    165    0.599  538    68.836   69.435
1024.0 1024.0  0.0    0.0    8192.0   6171.3   112640.0   85856.2   24320.0 23556.0 3328.0 3110.2    165    0.599  538    68.836   69.435
1024.0 1024.0 420.0   0.0    8192.0   391.3    112640.0   85856.2   24320.0 23556.0 3328.0 3110.2    166    0.603  538    68.836   69.439
1024.0 1024.0 420.0   0.0    8192.0   2538.5   112640.0   85856.2   24320.0 23556.0 3328.0 3110.2    166    0.603  538    68.836   69.439
1024.0 1024.0 420.0   0.0    8192.0   3995.5   112640.0   85856.2   24320.0 23556.0 3328.0 3110.2    166    0.603  538    68.836   69.439
1024.0 1024.0 420.0   0.0    8192.0   4967.2   112640.0   85856.2   24320.0 23556.0 3328.0 3110.2    166    0.603  538    68.836   69.439
1024.0 1024.0 420.0   0.0    8192.0   5273.5   112640.0   85856.2   24320.0 23556.0 3328.0 3110.2    166    0.603  539    68.836   69.439
1024.0 1024.0  0.0    0.0    8192.0   676.5    112640.0   86445.0   24320.0 23556.0 3328.0 3110.2    166    0.603  540    69.045   69.648
1024.0 1024.0  0.0    0.0    8192.0   704.2    112640.0   84465.4   24320.0 23556.0 3328.0 3110.2    166    0.603  541    69.313   69.917
1024.0 1024.0  0.0    0.0    8192.0   127.5    112640.0   86920.9   24320.0 23556.0 3328.0 3110.2    167    0.608  542    69.694   70.302
1024.0 1024.0  0.0    0.0    8192.0   1874.8   112640.0   86920.9   24320.0 23556.0 3328.0 3110.2    167    0.608  542    69.694   70.302
1024.0 1024.0  0.0    0.0    8192.0   3432.5   112640.0   86920.9   24320.0 23556.0 3328.0 3110.2    167    0.608  542    69.694   70.302
1024.0 1024.0  0.0    0.0    8192.0   1955.8   112640.0   87048.2   24320.0 23556.0 3328.0 3110.2    167    0.608  543    69.903   70.511
1024.0 1024.0  0.0    0.0    8192.0   1043.0   112640.0   84645.3   24320.0 23556.0 3328.0 3110.2    167    0.608  544    70.137   70.745
1024.0 1024.0  0.0    0.0    8192.0   2567.6   112640.0   84645.3   24320.0 23556.0 3328.0 3110.2    167    0.608  544    70.137   70.745
1024.0 1024.0  0.0    0.0    8192.0   4231.0   112640.0   84645.3   24320.0 23556.0 3328.0 3110.2    167    0.608  544    70.137   70.745
1024.0 1024.0  0.0    0.0    8192.0   6147.2   112640.0   84645.3   24320.0 23556.0 3328.0 3110.2    167    0.608  544    70.137   70.745
1024.0 1024.0  0.0    0.0    8192.0   7687.6   112640.0   84645.3   24320.0 23556.0 3328.0 3110.2    167    0.608  544    70.137   70.745
1024.0 1024.0 269.2   0.0    8192.0   879.6    112640.0   84645.3   24320.0 23556.0 3328.0 3110.2    168    0.611  545    70.137   70.748
1024.0 1024.0  0.0    0.0    8192.0   3100.1   112640.0   84920.4   24320.0 23556.0 3328.0 3110.2    168    0.611  545    70.345   70.957
1024.0 1024.0  0.0    0.0    8192.0   4824.0   112640.0   84920.4   24320.0 23556.0 3328.0 3110.2    168    0.611  545    70.345   70.957
1024.0 1024.0  0.0    0.0    8192.0   1357.7   112640.0   85143.8   24320.0 23556.0 3328.0 3110.2    168    0.611  546    70.590   71.201
1024.0 1024.0  0.0    0.0    8192.0   943.3    112640.0   85757.2   24320.0 23556.0 3328.0 3110.2    168    0.611  547    70.809   71.420
1024.0 1024.0  0.0    0.0    8192.0   2829.0   112640.0   85757.2   24320.0 23556.0 3328.0 3110.2    168    0.611  547    70.809   71.420
1024.0 1024.0  0.0    0.0    8192.0   4429.6   112640.0   85757.2   24320.0 23556.0 3328.0 3110.2    168    0.611  547    70.809   71.420
1024.0 1024.0  0.0    0.0    8192.0   5997.8   112640.0   85757.2   24320.0 23556.0 3328.0 3110.2    168    0.611  547    70.809   71.420
1024.0 1024.0  0.0    0.0    8192.0   7923.8   112640.0   85757.2   24320.0 23556.0 3328.0 3110.2    168    0.611  547    70.809   71.420
1024.0 1024.0  0.0   372.7   8192.0   1103.3   112640.0   85757.2   24320.0 23556.0 3328.0 3110.2    169    0.613  548    70.809   71.422
1024.0 1024.0  0.0    0.0    8192.0   2047.8   112640.0   85922.8   24320.0 23556.0 3328.0 3110.2    169    0.613  548    71.032   71.645
1024.0 1024.0  0.0    0.0    8192.0   4569.7   112640.0   85922.8   24320.0 23556.0 3328.0 3110.2    169    0.613  548    71.032   71.645
1024.0 1024.0  0.0    0.0    8192.0   6176.7   112640.0   85922.8   24320.0 23556.0 3328.0 3110.2    169    0.613  548    71.032   71.645
1024.0 1024.0  0.0    0.0    8192.0   1475.6   112640.0   86145.5   24320.0 23556.0 3328.0 3110.2    169    0.613  549    71.258   71.871
1024.0 1024.0  0.0    0.0    8192.0   969.2    112640.0   86769.2   24320.0 23556.0 3328.0 3110.2    169    0.613  550    71.463   72.076
1024.0 1024.0  0.0    0.0    8192.0   3015.9   112640.0   86769.2   24320.0 23556.0 3328.0 3110.2    169    0.613  550    71.463   72.076
1024.0 1024.0  0.0    0.0    8192.0   4548.5   112640.0   86769.2   24320.0 23556.0 3328.0 3110.2    169    0.613  550    71.463   72.076
1024.0 1024.0  0.0    0.0    8192.0   6066.4   112640.0   86769.2   24320.0 23556.0 3328.0 3110.2    169    0.613  550    71.463   72.076
1024.0 1024.0  0.0    0.0    8192.0   8009.7   112640.0   86769.2   24320.0 23556.0 3328.0 3110.2    169    0.613  550    71.463   72.076
1024.0 1024.0 406.2   0.0    8192.0   1154.9   112640.0   86769.2   24320.0 23556.0 3328.0 3110.2    170    0.618  551    71.463   72.080
1024.0 1024.0  0.0    0.0    8192.0   2473.6   112640.0   87143.1   24320.0 23556.0 3328.0 3110.2    170    0.618  551    71.674   72.291
1024.0 1024.0  0.0    0.0    8192.0   5195.2   112640.0   87143.1   24320.0 23556.0 3328.0 3110.2    170    0.618  551    71.674   72.291
1024.0 1024.0  0.0    0.0    8192.0   6409.3   112640.0   87143.1   24320.0 23556.0 3328.0 3110.2    170    0.618  552    71.674   72.291
1024.0 1024.0  0.0    0.0    8192.0   384.4    112640.0   87200.5   24320.0 23556.0 3328.0 3110.2    170    0.618  553    72.093   72.710
1024.0 1024.0  0.0    0.0    8192.0   1951.0   112640.0   87200.5   24320.0 23556.0 3328.0 3110.2    170    0.618  553    72.093   72.710
1024.0 1024.0  0.0    0.0    8192.0   3847.3   112640.0   87200.5   24320.0 23556.0 3328.0 3110.2    170    0.618  553    72.093   72.710
1024.0 1024.0  0.0    0.0    8192.0   5288.8   112640.0   87200.5   24320.0 23556.0 3328.0 3110.2    170    0.618  553    72.093   72.710
1024.0 1024.0  0.0    0.0    8192.0   6692.4   112640.0   87200.5   24320.0 23556.0 3328.0 3110.2    170    0.618  553    72.093   72.710
1024.0 1024.0  0.0    0.0    8192.0   1641.8   112640.0   87409.6   24320.0 23556.0 3328.0 3110.2    170    0.618  554    72.305   72.922
1024.0 1024.0  0.0    0.0    8192.0   3508.1   112640.0   87409.6   24320.0 23556.0 3328.0 3110.2    170    0.618  554    72.305   72.922
1024.0 1024.0  0.0    0.0    8192.0   4661.5   112640.0   87409.6   24320.0 23556.0 3328.0 3110.2    170    0.618  554    72.305   72.922
1024.0 1024.0  0.0    0.0    8192.0   5706.9   112640.0   87409.6   24320.0 23556.0 3328.0 3110.2    170    0.618  555    72.305   72.922
1024.0 1024.0  0.0    0.0    8192.0   3415.4   112640.0   87622.3   24320.0 23556.0 3328.0 3110.2    170    0.618  555    72.529   73.146
1024.0 1024.0  0.0    0.0    8192.0   597.5    112640.0   88298.4   24320.0 23556.0 3328.0 3110.2    170    0.618  556    72.774   73.392
1024.0 1024.0  0.0    0.0    8192.0   2246.8   112640.0   88298.4   24320.0 23556.0 3328.0 3110.2    170    0.618  556    72.774   73.392
1024.0 1024.0  0.0    0.0    8192.0   4599.3   112640.0   88298.4   24320.0 23556.0 3328.0 3110.2    170    0.618  556    72.774   73.392
1024.0 1024.0  0.0    0.0    8192.0   5592.0   112640.0   88298.4   24320.0 23556.0 3328.0 3110.2    170    0.618  557    72.774   73.392
1024.0 1024.0  0.0   749.3   8192.0   3790.2   112640.0   88524.5   24320.0 23556.0 3328.0 3110.2    171    0.620  557    72.997   73.617
1024.0 1024.0  0.0    0.0    8192.0   362.2    112640.0   90818.4   24320.0 23556.3 3328.0 3110.2    171    0.620  558    73.192   73.812
1024.0 1024.0  0.0    0.0    8192.0   2136.2   112640.0   90818.4   24320.0 23556.3 3328.0 3110.2    171    0.620  558    73.192   73.812
1024.0 1024.0  0.0    0.0    8192.0   4212.5   112640.0   90818.4   24320.0 23556.3 3328.0 3110.2    171    0.620  558    73.192   73.812
1024.0 1024.0  0.0    0.0    8192.0   7148.8   112640.0   90818.4   24320.0 23556.3 3328.0 3110.2    171    0.620  558    73.192   73.812
1024.0 1024.0 545.8   0.0    8192.0   1750.0   112640.0   90818.4   24320.0 23556.3 3328.0 3110.2    172    0.623  558    73.192   73.815
1024.0 1024.0 545.8   0.0    8192.0   4650.8   112640.0   90818.4   24320.0 23556.3 3328.0 3110.2    172    0.623  558    73.192   73.815
1024.0 1024.0 545.8   0.0    8192.0   6813.6   112640.0   90818.4   24320.0 23556.3 3328.0 3110.2    172    0.623  558    73.192   73.815
1024.0 1024.0  0.0   448.5   8192.0   466.5    112640.0   91051.3   24320.0 23556.3 3328.0 3110.2    173    0.626  558    73.192   73.818
1024.0 1024.0  0.0    0.0    8192.0   479.5    112640.0   91447.5   24320.0 23556.3 3328.0 3110.2    173    0.626  559    73.403   74.029
1024.0 1024.0  0.0    0.0    8192.0   694.2    112640.0   87054.9   24320.0 23556.3 3328.0 3110.2    173    0.626  560    73.646   74.271
1024.0 1024.0  0.0    0.0    8192.0   653.1    112640.0   87098.3   24320.0 23556.3 3328.0 3110.2    173    0.626  561    73.850   74.476
1024.0 1024.0  0.0    0.0    8192.0   1084.4   112640.0   87282.8   24320.0 23556.3 3328.0 3110.2    173    0.626  562    74.079   74.705
1024.0 1024.0  0.0    0.0    8192.0   3232.3   112640.0   87282.8   24320.0 23556.3 3328.0 3110.2    173    0.626  562    74.079   74.705
1024.0 1024.0  0.0    0.0    8192.0   4426.8   112640.0   87282.8   24320.0 23556.3 3328.0 3110.2    173    0.626  562    74.079   74.705
1024.0 1024.0  0.0    0.0    8192.0   2445.2   112640.0   87409.6   24320.0 23556.3 3328.0 3110.2    173    0.626  563    74.384   75.010
1024.0 1024.0  0.0    0.0    8192.0   1258.6   112640.0   87417.9   24320.0 23556.3 3328.0 3110.2    173    0.626  564    74.613   75.239
1024.0 1024.0  0.0    0.0    8192.0   2786.5   112640.0   87417.9   24320.0 23556.3 3328.0 3110.2    173    0.626  564    74.613   75.239
1024.0 1024.0  0.0    0.0    8192.0   4332.7   112640.0   87417.9   24320.0 23556.3 3328.0 3110.2    173    0.626  564    74.613   75.239
1024.0 1024.0  0.0    0.0    8192.0   6272.1   112640.0   87417.9   24320.0 23556.3 3328.0 3110.2    173    0.626  564    74.613   75.239
1024.0 1024.0  0.0    0.0    8192.0   7725.6   112640.0   87417.9   24320.0 23556.3 3328.0 3110.2    173    0.626  564    74.613   75.239
1024.0 1024.0  0.0    0.0    8192.0   400.7    112640.0   87644.3   24320.0 23556.3 3328.0 3110.2    174    0.629  565    74.831   75.460
1024.0 1024.0  0.0    0.0    8192.0   3240.2   112640.0   87644.3   24320.0 23556.3 3328.0 3110.2    174    0.629  565    74.831   75.460
1024.0 1024.0  0.0    0.0    8192.0   4924.0   112640.0   87644.3   24320.0 23556.3 3328.0 3110.2    174    0.629  565    74.831   75.460
1024.0 1024.0  0.0    0.0    8192.0   2005.9   112640.0   87852.2   24320.0 23556.3 3328.0 3110.2    174    0.629  566    75.052   75.681
1024.0 1024.0  0.0    0.0    8192.0   988.6    112640.0   88464.8   24320.0 23556.3 3328.0 3110.2    174    0.629  567    75.278   75.907
1024.0 1024.0  0.0    0.0    8192.0   2915.8   112640.0   88464.8   24320.0 23556.3 3328.0 3110.2    174    0.629  567    75.278   75.907
1024.0 1024.0  0.0    0.0    8192.0   4489.4   112640.0   88464.8   24320.0 23556.3 3328.0 3110.2    174    0.629  567    75.278   75.907
1024.0 1024.0  0.0    0.0    8192.0   6006.6   112640.0   88464.8   24320.0 23556.3 3328.0 3110.2    174    0.629  567    75.278   75.907
1024.0 1024.0  0.0    0.0    8192.0   7951.8   112640.0   88464.8   24320.0 23556.3 3328.0 3110.2    174    0.629  567    75.278   75.907
1024.0 1024.0  0.0   360.2   8192.0   1080.9   112640.0   88464.8   24320.0 23556.3 3328.0 3110.2    175    0.632  568    75.278   75.910
1024.0 1024.0  0.0    0.0    8192.0   2247.0   112640.0   88697.0   24320.0 23556.3 3328.0 3110.2    175    0.632  568    75.489   76.120
1024.0 1024.0  0.0    0.0    8192.0   4695.2   112640.0   88697.0   24320.0 23556.3 3328.0 3110.2    175    0.632  568    75.489   76.120
1024.0 1024.0  0.0    0.0    8192.0   6337.1   112640.0   88697.0   24320.0 23556.3 3328.0 3110.2    175    0.632  568    75.489   76.120
1024.0 1024.0  0.0    0.0    8192.0   1752.6   112640.0   88912.6   24320.0 23556.3 3328.0 3110.2    175    0.632  569    75.706   76.337
1024.0 1024.0  0.0    0.0    8192.0   1136.4   112640.0   89537.3   24320.0 23556.3 3328.0 3110.2    175    0.632  570    75.921   76.553
1024.0 1024.0  0.0    0.0    8192.0   3048.5   112640.0   89537.3   24320.0 23556.3 3328.0 3110.2    175    0.632  570    75.921   76.553
1024.0 1024.0  0.0    0.0    8192.0   4350.1   112640.0   89537.3   24320.0 23556.3 3328.0 3110.2    175    0.632  570    75.921   76.553
1024.0 1024.0  0.0    0.0    8192.0   5627.9   112640.0   89537.3   24320.0 23556.3 3328.0 3110.2    175    0.632  570    75.921   76.553
1024.0 1024.0  0.0    0.0    8192.0   7306.0   112640.0   89537.3   24320.0 23556.3 3328.0 3110.2    175    0.632  570    75.921   76.553
1024.0 1024.0  0.0    0.0    8192.0    0.0     112640.0   89908.4   24320.0 23556.3 3328.0 3110.2    176    0.635  571    76.137   76.772
1024.0 1024.0  0.0    0.0    8192.0   2431.3   112640.0   89908.4   24320.0 23556.3 3328.0 3110.2    176    0.635  571    76.137   76.772
1024.0 1024.0  0.0    0.0    8192.0   4726.5   112640.0   89908.4   24320.0 23556.3 3328.0 3110.2    176    0.635  571    76.137   76.772
1024.0 1024.0  0.0    0.0    8192.0   835.8    112640.0   89365.9   24320.0 23556.3 3328.0 3110.2    176    0.635  572    76.346   76.981
1024.0 1024.0  0.0    0.0    8192.0   343.7    112640.0   89970.5   24320.0 23556.3 3328.0 3110.2    176    0.635  573    76.564   77.199
1024.0 1024.0  0.0    0.0    8192.0   1543.6   112640.0   89970.5   24320.0 23556.3 3328.0 3110.2    176    0.635  573    76.564   77.199
1024.0 1024.0  0.0   742.3   8192.0   4996.1   112640.0   89970.5   24320.0 23556.3 3328.0 3110.2    177    0.638  573    76.564   77.202
1024.0 1024.0  0.0   742.3   8192.0   6023.4   112640.0   89970.5   24320.0 23556.3 3328.0 3110.2    177    0.638  573    76.564   77.202
1024.0 1024.0  0.0   742.3   8192.0   7325.7   112640.0   89970.5   24320.0 23556.3 3328.0 3110.2    177    0.638  573    76.564   77.202
1024.0 1024.0  0.0    0.0    8192.0   1809.5   112640.0   92419.3   24320.0 23556.3 3328.0 3110.2    177    0.638  574    76.785   77.423
1024.0 1024.0  0.0    0.0    8192.0   3939.6   112640.0   92419.3   24320.0 23556.3 3328.0 3110.2    177    0.638  574    76.785   77.423
1024.0 1024.0  0.0    0.0    8192.0   5402.8   112640.0   92419.3   24320.0 23556.3 3328.0 3110.2    177    0.638  574    76.785   77.423
1024.0 1024.0  0.0    0.0    8192.0   6621.5   112640.0   92419.3   24320.0 23556.3 3328.0 3110.2    177    0.638  575    76.785   77.423
1024.0 1024.0  0.0    0.0    8192.0   4233.1   112640.0   92684.0   24320.0 23556.3 3328.0 3110.2    177    0.638  575    77.018   77.656
1024.0 1024.0  0.0    0.0    8192.0   712.1    112640.0   90885.8   24320.0 23556.3 3328.0 3110.2    177    0.638  576    77.336   77.974
1024.0 1024.0  0.0    0.0    8192.0   2726.1   112640.0   90885.8   24320.0 23556.3 3328.0 3110.2    177    0.638  576    77.336   77.974
1024.0 1024.0  0.0    0.0    8192.0   5450.3   112640.0   90885.8   24320.0 23556.3 3328.0 3110.2    177    0.638  576    77.336   77.974
1024.0 1024.0  0.0    0.0    8192.0   6689.6   112640.0   90885.8   24320.0 23556.3 3328.0 3110.2    177    0.638  577    77.336   77.974
1024.0 1024.0  0.0    0.0    8192.0   2292.7   112640.0   91137.7   24320.0 23556.3 3328.0 3110.2    177    0.638  577    77.618   78.256
1024.0 1024.0  0.0    0.0    8192.0   458.9    112640.0   91189.5   24320.0 23556.3 3328.0 3110.2    177    0.638  578    77.839   78.476
1024.0 1024.0  0.0    0.0    8192.0   2565.6   112640.0   91189.5   24320.0 23556.3 3328.0 3110.2    177    0.638  578    77.839   78.476
